[www.allegisglobalsolutions.com/indexd1a6.html]
[backblue.gif]
[fade.gif]
[index.html]
[www.allegisglobalsolutions.com/en]
[www.allegisglobalsolutions.com/en-gb]
[www.allegisglobalsolutions.com/en-au.2.delayed]
[www.allegisglobalsolutions.com/index.html]
[cdn.cookielaw.org/scripttemplates/otSDKStub.js]
[assets.adobedtm.com/ceb6519cfb6dd51fbe12d97109d9186eb18810ea/satelliteLib-d64b912e5f0cecaae22b1383cf726ae97139e163.js]
[use.fontawesome.com/releases/v5.6.3/css/all.css]
[sc-cms-prod103-cdn-dsb5cvath4adbgd0.z01.azurefd.net/Areas/AGS/css/v-4.4.1712224726/main.css]
[use.typekit.net/fzu5xvl.css]
[sc-cms-prod103-cdn-dsb5cvath4adbgd0.z01.azurefd.net/Areas/AGS/js/vendor/v-4.4.1712224466/modernizr.2.6.2.min.js]
[www.allegisglobalsolutions.com/Areas/AGS/img/favicon/apple-touch-icon.png]
[www.allegisglobalsolutions.com/Areas/AGS/img/favicon/favicon-32x32.png]
[www.allegisglobalsolutions.com/Areas/AGS/img/favicon/favicon-16x16.png]
[www.allegisglobalsolutions.com/Areas/AGS/img/favicon/site.webmanifest]
[www.allegisglobalsolutions.com/Areas/AGS/img/favicon/safari-pinned-tab.svg]
[www.allegisglobalsolutions.com/Areas/AGS/img/favicon/favicon.ico]
[www.allegisglobalsolutions.com/en/workforce-solutions]
[www.allegisglobalsolutions.com/en/workforce-solutions/managed-service-provider]
[www.allegisglobalsolutions.com/en/workforce-solutions/managed-service-provider/supply-chain-management.11.delayed]
[www.allegisglobalsolutions.com/en/workforce-solutions/managed-service-provider/direct-sourcing.12.delayed]
[www.allegisglobalsolutions.com/en/workforce-solutions/recruitment-process-outsourcing.13.delayed]
[www.allegisglobalsolutions.com/en/workforce-solutions/procurement-solutions.14.delayed]
[www.allegisglobalsolutions.com/en/workforce-solutions/total-talent-management.15.delayed]
[www.allegisglobalsolutions.com/en/consulting.16.delayed]
[www.allegisglobalsolutions.com/en/capabilities.17.delayed]
[www.allegisglobalsolutions.com/en/capabilities/acumen.18.delayed]
[www.allegisglobalsolutions.com/en/capabilities/diversity-inclusion.19.delayed]
[www.allegisglobalsolutions.com/en/capabilities/ags-ignite-consulting.1a.delayed]
[www.allegisglobalsolutions.com/en/capabilities/partners.1b.delayed]
[www.allegisglobalsolutions.com/en/workforce-insights.html]
[www.allegisglobalsolutions.com/en/workforce-insights/podcasts.html]
[www.allegisglobalsolutions.com/en/workforce-insights/white-papers.html]
[www.allegisglobalsolutions.com/en/workforce-insights/case-studies.html]
[www.allegisglobalsolutions.com/en/about-us.html]
[www.allegisglobalsolutions.com/en/about-us/news-and-events.html]
[www.allegisglobalsolutions.com/en/about-us/news-and-events/press-releases.html]
[www.allegisglobalsolutions.com/en/about-us/news-and-events/awards.html]
[www.allegisglobalsolutions.com/en/about-us/news-and-events/events.html]
[www.allegisglobalsolutions.com/en/about-us/news-and-events/in-the-news.html]
[www.allegisglobalsolutions.com/en/about-us/careers.html]
[www.allegisglobalsolutions.com/en/about-us/contact-us.html]
[www.allegisglobalsolutions.com/en/about-us/locations.html]
[www.allegisglobalsolutions.com/en/search]
[js.hsforms.net/forms/v2.js]
[www.allegisglobalsolutions.com/en/about-us/jobs.html]
[www.allegisglobalsolutions.com/en/privacy-notices.2d.delayed]
[www.allegisglobalsolutions.com/en/ca-notice-at-collection]
[www.allegisglobalsolutions.com/en/ca-notice-at-collection-for-employees-and-job-applicants.2f.delayed]
[www.allegisglobalsolutions.com/en/sitemap.30.delayed]
[www.allegisglobalsolutions.com/en/cookie-notice.31.delayed]
[www.allegisglobalsolutions.com/en/terms-and-conditions.32.delayed]
[www.allegisglobalsolutions.com/en/code-of-conduct.33.delayed]
[www.allegisglobalsolutions.com/en/mandatory-notices.34.delayed]
[www.allegisglobalsolutions.com/en/canada-accessibility-notice.35.delayed]
[sc-cms-prod103-cdn-dsb5cvath4adbgd0.z01.azurefd.net/Areas/ScoreCCF/js/v-11.29.1701264110/require.config.js]
[sc-cms-prod103-cdn-dsb5cvath4adbgd0.z01.azurefd.net/Areas/ScoreBootstrapUI/js/v-11.29.1701266534/require.config.js]
[sc-cms-prod103-cdn-dsb5cvath4adbgd0.z01.azurefd.net/Areas/Enterprise/js/v-6.10.1718028106/Enterprise.bundle.config.js]
[sc-cms-prod103-cdn-dsb5cvath4adbgd0.z01.azurefd.net/Areas/AGS/js/v-4.4.1712224732/require.config.js]
[www.allegisglobalsolutions.com/indexd1a6.html]
[www.allegisglobalsolutions.com/en.html]
[www.allegisglobalsolutions.com/en-gb.html]
[www.allegisglobalsolutions.com/en-au.html]
[www.allegisglobalsolutions.com/index.html]
[sc-cms-prod103-cdn-dsb5cvath4adbgd0.z01.azurefd.net/Areas/Enterprise/js/Vendor/v-6.10.1718027062/require.min.js]
[connect.facebook.net/en_US/fbevents.js]
[www.allegisglobalsolutions.com/helpers/getObjectProperty.3c.delayed]
[assets.adobedtm.com/ceb6519cfb6dd51fbe12d97109d9186eb18810ea/satelliteLib-d64b912e5f0cecaae22b1383cf726ae97139e163.js]
[sc-cms-prod103-cdn-dsb5cvath4adbgd0.z01.azurefd.net/Areas/AGS/css/img/close.png]
[sc-cms-prod103-cdn-dsb5cvath4adbgd0.z01.azurefd.net/Areas/AGS/css/img/arrow_down.png]
[sc-cms-prod103-cdn-dsb5cvath4adbgd0.z01.azurefd.net/Areas/AGS/css/img/arrow_right.png]
[sc-cms-prod103-cdn-dsb5cvath4adbgd0.z01.azurefd.net/Areas/AGS/css/img/checkbox.png]
[sc-cms-prod103-cdn-dsb5cvath4adbgd0.z01.azurefd.net/Areas/AGS/css/img/checkbox_checked.png]
[sc-cms-prod103-cdn-dsb5cvath4adbgd0.z01.azurefd.net/Areas/AGS/css/img/checkbox_disabled.png]
[sc-cms-prod103-cdn-dsb5cvath4adbgd0.z01.azurefd.net/Areas/AGS/css/v-4.4.1712224726/main.css]
[use.fontawesome.com/releases/v5.6.3/css/all.css]
[use.typekit.net/af/b01614/00000000000000003b9b0ba4/27/l3eab]
[use.typekit.net/af/b01614/00000000000000003b9b0ba4/27/d3eab]
[use.typekit.net/af/b01614/00000000000000003b9b0ba4/27/a3eab]
[use.typekit.net/af/299bdc/00000000000000003b9b0ba5/27/le196]
[use.typekit.net/af/299bdc/00000000000000003b9b0ba5/27/de196]
[use.typekit.net/af/299bdc/00000000000000003b9b0ba5/27/ae196]
[use.typekit.net/af/795dd6/00000000000000003b9b0ba8/27/l5bba]
[use.typekit.net/af/795dd6/00000000000000003b9b0ba8/27/d5bba]
[use.typekit.net/fzu5xvl.css]
[use.typekit.net/af/795dd6/00000000000000003b9b0ba8/27/a5bba]
[sc-cms-prod103-cdn-dsb5cvath4adbgd0.z01.azurefd.net/Areas/AGS/js/vendor/v-4.4.1712224466/modernizr.2.6.2.min.js]
[www.allegisglobalsolutions.com/Areas/AGS/img/favicon/safari-pinned-tab.svg]
[www.allegisglobalsolutions.com/en/workforce-solutions.html]
[www.allegisglobalsolutions.com/en/workforce-solutions/managed-service-provider.html]
[www.allegisglobalsolutions.com/en/workforce-solutions/managed-service-provider/supply-chain-management.html]
[www.allegisglobalsolutions.com/en/workforce-solutions/managed-service-provider/direct-sourcing.html]
[www.allegisglobalsolutions.com/en/workforce-solutions/recruitment-process-outsourcing.html]
[www.allegisglobalsolutions.com/en/workforce-solutions/procurement-solutions.html]
[www.allegisglobalsolutions.com/en/workforce-solutions/total-talent-management.html]
[www.allegisglobalsolutions.com/en/consulting.html]
[www.allegisglobalsolutions.com/en/capabilities.html]
[www.allegisglobalsolutions.com/en/capabilities/acumen.html]
[www.allegisglobalsolutions.com/en/capabilities/diversity-inclusion.html]
[www.allegisglobalsolutions.com/en/capabilities/ags-ignite-consulting.html]
[www.allegisglobalsolutions.com/en/capabilities/partners.html]
[www.allegisglobalsolutions.com/en-gb/workforce-insights.html]
[www.allegisglobalsolutions.com/en-au/workforce-insights.html]
[www.allegisglobalsolutions.com/en/workforce-insights.html]
[www.allegisglobalsolutions.com/workforce-insights.html]
[sc-cms-prod103-cdn-dsb5cvath4adbgd0.z01.azurefd.net/-/media/images/ags/insights-and-analytics/podcasts/Preview-Episode_473x522 jpg3e4c.jpg]
[www.allegisglobalsolutions.com/en-gb/workforce-insights/podcasts.html]
[www.allegisglobalsolutions.com/en-au/workforce-insights/podcasts.html]
[www.allegisglobalsolutions.com/workforce-insights/podcasts.html]
[www.allegisglobalsolutions.com/en/podcast-feed]
[www.allegisglobalsolutions.com/en/workforce-insights/podcasts.html]
[www.allegisglobalsolutions.com/en-gb/workforce-insights/white-papers.html]
[www.allegisglobalsolutions.com/en-au/workforce-insights/white-papers.html]
[www.allegisglobalsolutions.com/en/workforce-insights/white-papers.html]
[www.allegisglobalsolutions.com/workforce-insights/white-papers.html]
[www.allegisglobalsolutions.com/en-gb/workforce-insights/case-studies.html]
[www.allegisglobalsolutions.com/en-au/workforce-insights/case-studies.html]
[www.allegisglobalsolutions.com/en/workforce-insights/case-studies.html]
[www.allegisglobalsolutions.com/workforce-insights/case-studies.html]
[www.allegisglobalsolutions.com/en-gb/about-us.html]
[www.allegisglobalsolutions.com/en-au/about-us.html]
[www.allegisglobalsolutions.com/about-us.html]
[www.allegisglobalsolutions.com/sitecore/images/blank.gif]
[www.allegisglobalsolutions.com/en/about-us.html]
[www.allegisglobalsolutions.com/en-gb/about-us/news-and-events.html]
[www.allegisglobalsolutions.com/en-au/about-us/news-and-events.html]
[www.allegisglobalsolutions.com/en/about-us/news-and-events.html]
[www.allegisglobalsolutions.com/about-us/news-and-events.html]
[www.allegisglobalsolutions.com/en-gb/about-us/news-and-events/press-releases.html]
[www.allegisglobalsolutions.com/en-au/about-us/news-and-events/press-releases.html]
[www.allegisglobalsolutions.com/about-us/news-and-events/press-releases.html]
[www.allegisglobalsolutions.com/en/press-release-feed]
[www.allegisglobalsolutions.com/en/about-us/news-and-events/press-releases.html]
[www.allegisglobalsolutions.com/en-gb/about-us/news-and-events/awards.html]
[www.allegisglobalsolutions.com/en-au/about-us/news-and-events/awards.html]
[www.allegisglobalsolutions.com/about-us/news-and-events/awards.html]
[www.allegisglobalsolutions.com/en/about-us/news-and-events/press-releases/two-allegis-global-solutions-executives-named-to-sias-2024-staffing-100-north-america-list.html]
[www.allegisglobalsolutions.com/en/about-us/news-and-events/press-releases/2023-four-ags-leaders-named-to-sias-global-power-150-women-in-staffing-list.html]
[www.allegisglobalsolutions.com/en/about-us/news-and-events/press-releases/2023-ags-executive-named-to-sias-staffing-100-europe-list.html]
[www.allegisglobalsolutions.com/en/about-us/news-and-events/press-releases/2023-ags-earn-sow-ps-peak-matrix-assessment.html]
[www.allegisglobalsolutions.com/en/about-us/news-and-events/press-releases/2023-ags-earns-msp-cwm-peak-matrix-leader-status-from-everest-group.html]
[www.allegisglobalsolutions.com/en/about-us/news-and-events/press-releases/2023-rtx-premier-award-collins-aerospace-outstanding-supplier-award.html]
[www.allegisglobalsolutions.com/en/about-us/news-and-events/press-releases/2023-staffing-industry-analysts-recognizes-ags-leader-on-40-under-40-list.html]
[www.allegisglobalsolutions.com/en/about-us/news-and-events/press-releases/2023-ags-named-a-leader-on-everest-groups-rpo-peak-matrix-for-the-apac.html]
[www.allegisglobalsolutions.com/en/about-us/news-and-events/press-releases/2023-ags-earns-rpo-peak-matrix-leader-status-from-everest-group-for-na.html]
[www.allegisglobalsolutions.com/en/about-us/news-and-events/press-releases/four-ags-executives-named-to-sias-staffing-100-northamerica-list-2023.html]
[www.allegisglobalsolutions.com/en/about-us/news-and-events/press-releases/2023-gm-supplier-of-the-year-and-community-partnership-award.html]
[www.allegisglobalsolutions.com/en/about-us/news-and-events/press-releases/2023-ags-diversity-equity-and-inclusion-influencer-list.html]
[www.allegisglobalsolutions.com/en/about-us/news-and-events/press-releases/ags-ranked-1-on-hro-todays-2022-total-workforce-solutions-bakers-dozen-list.html]
[www.allegisglobalsolutions.com/about-us/news-and-events/press-releases/2022-ags-named-msp-of-the-year-by-apsco-australia.html]
[www.allegisglobalsolutions.com/about-us/news-and-events/press-releases/2022-sia-global-power-150-women-in-staffing-honorees.html]
[www.allegisglobalsolutions.com/about-us/news-and-events/press-releases/2022-ags-executive-named-to-sia-staffing-100-europe-list.html]
[www.allegisglobalsolutions.com/about-us/news-and-events/press-releases/2022-ags-recognized-as-a-managed-service-provider-and-services-procurement-leader-and-star-performer.html]
[www.allegisglobalsolutions.com/about-us/news-and-events/press-releases/2022-ags-rpo-bakers-dozen-pr.html]
[www.allegisglobalsolutions.com/en/about-us/news-and-events/press-releases/2022-ags-msp-bakers-dozen.html]
[www.allegisglobalsolutions.com/en/about-us/news-and-events/press-releases/2022-ags-earns-rpo-peak-matrix-leader-status.html]
[www.allegisglobalsolutions.com/en/about-us/news-and-events/press-releases/ags-us-tiaras-talent-solutions-award-2022.html]
[www.allegisglobalsolutions.com/en/about-us/news-and-events/press-releases/2022-ags-sia-staffing-100-list.html]
[www.allegisglobalsolutions.com/en/about-us/news-and-events/press-releases/ags-awarded-raytheon-award.html]
[www.allegisglobalsolutions.com/en/about-us/news-and-events/press-releases/2022-gm-supplier-of-the-year-awards-21.html]
[www.allegisglobalsolutions.com/en/about-us/news-and-events/press-releases/2021-hr-asia-best-companies-to-work-for-china.html]
[www.allegisglobalsolutions.com/en/about-us/news-and-events/press-releases/2021-ags-sia-global-150.html]
[www.allegisglobalsolutions.com/en/about-us/news-and-events/press-releases/2021-ags-rpo-bakers-dozen.html]
[www.allegisglobalsolutions.com/en/about-us/news-and-events/press-releases/2021-ags-cwm-msp-peak-matrix.html]
[www.allegisglobalsolutions.com/en/about-us/news-and-events/press-releases/2021-ags-everest-group-services-procurement-sow.html]
[www.allegisglobalsolutions.com/en/about-us/news-and-events/press-releases/2021-pr-ags-earns-rpo-peak-matrix-leader-status.html]
[www.allegisglobalsolutions.com/en/about-us/news-and-events/press-releases/2021-msp-ags-hro-today-bakers-dozen.html]
[www.allegisglobalsolutions.com/en/about-us/news-and-events/press-releases/2021-ags-tiara-awards.html]
[www.allegisglobalsolutions.com/en/about-us/news-and-events/press-releases/2021-ags-gm-supplier-of-the-year.html]
[www.allegisglobalsolutions.com/en/about-us/news-and-events/awards.html]
[www.allegisglobalsolutions.com/en/about-us/news-and-events/press-releases/2020-ags-apsco-apac-award.html]
[www.allegisglobalsolutions.com/en-gb/about-us/news-and-events/events.html]
[www.allegisglobalsolutions.com/en-au/about-us/news-and-events/events.html]
[www.allegisglobalsolutions.com/about-us/news-and-events/events.html]
[www.allegisglobalsolutions.com/en/about-us/news-and-events/events.html]
[www.allegisglobalsolutions.com/en-gb/about-us/news-and-events/in-the-news.html]
[www.allegisglobalsolutions.com/en-au/about-us/news-and-events/in-the-news.html]
[www.allegisglobalsolutions.com/en/about-us/news-and-events/in-the-news.html]
[www.allegisglobalsolutions.com/about-us/news-and-events/in-the-news.html]
[www.allegisglobalsolutions.com/en-gb/about-us/careers.html]
[www.allegisglobalsolutions.com/en-au/about-us/careers.html]
[www.allegisglobalsolutions.com/about-us/careers.html]
[cdn.lightwidget.com/widgets/lightwidget.js]
[sc-cms-prod103-cdn-dsb5cvath4adbgd0.z01.azurefd.net/-/media/images/ags/home/Supplemental_Homepage1920x480_navy jpgac6b.jpg]
[www.allegisglobalsolutions.com/en/about-us/careers.html]
[www.allegisglobalsolutions.com/en-gb/about-us/contact-us.html]
[www.allegisglobalsolutions.com/en-au/about-us/contact-us.html]
[www.allegisglobalsolutions.com/about-us/contact-us.html]
[js.hsforms.net/forms/embed/v2.js]
[www.allegisglobalsolutions.com/en/about-us/locations/north-america/hanover.html]
[www.allegisglobalsolutions.com/en/about-us/locations/north-america/jacksonville.html]
[www.allegisglobalsolutions.com/en/about-us/locations/north-america/kirkland.html]
[www.allegisglobalsolutions.com/en/about-us/locations/north-america/mississauga.html]
[www.allegisglobalsolutions.com/en/about-us/locations/north-america/phoenix.html]
[www.allegisglobalsolutions.com/en/about-us/locations/north-america/troy.html]
[www.allegisglobalsolutions.com/Areas/AGS/img/ags-icon-select-menu.png]
[www.allegisglobalsolutions.com/en/about-us/contact-us.html]
[www.allegisglobalsolutions.com/en-gb/about-us/locations.html]
[www.allegisglobalsolutions.com/en-au/about-us/locations.html]
[www.allegisglobalsolutions.com/about-us/locations.html]
[www.allegisglobalsolutions.com/en/about-us/locations/europe/birmingham.html]
[www.allegisglobalsolutions.com/en/about-us/locations/europe/bracknell.html]
[www.allegisglobalsolutions.com/en/about-us/locations/europe/budapest.html]
[www.allegisglobalsolutions.com/en/about-us/locations/europe/london.html]
[www.allegisglobalsolutions.com/en/about-us/locations/europe/warsaw.html]
[www.allegisglobalsolutions.com/en/about-us/locations/europe/zurich.html]
[www.allegisglobalsolutions.com/en/about-us/locations/asia-pacific/bangalore.html]
[www.allegisglobalsolutions.com/en/about-us/locations/asia-pacific/brisbane.html]
[www.allegisglobalsolutions.com/en/about-us/locations/asia-pacific/hong-kong.html]
[www.allegisglobalsolutions.com/en/about-us/locations/asia-pacific/manila.html]
[www.allegisglobalsolutions.com/en/about-us/locations/asia-pacific/melbourne.html]
[www.allegisglobalsolutions.com/en/about-us/locations/asia-pacific/pune.html]
[www.allegisglobalsolutions.com/en/about-us/locations/asia-pacific/shanghai.html]
[www.allegisglobalsolutions.com/en/about-us/locations/asia-pacific/singapore.html]
[www.allegisglobalsolutions.com/en/about-us/locations/asia-pacific/sydney.html]
[www.allegisglobalsolutions.com/en/about-us/locations/asia-pacific/tokyo.html]
[www.allegisglobalsolutions.com/en/about-us/locations.html]
[www.allegisglobalsolutions.com/en/search.html]
[www.allegisglobalsolutions.com/en/about-us/locations/asia-pacific/wellington.html]
[www.allegisglobalsolutions.com/en-gb/about-us/jobs.html]
[www.allegisglobalsolutions.com/en-au/about-us/jobs.html]
[www.allegisglobalsolutions.com/about-us/jobs.html]
[static.smartrecruiters.com/job-widget/1.6.10/script/smart_widget.js]
[www.allegisglobalsolutions.com/en/about-us/jobs.html]
[www.allegisglobalsolutions.com/en/privacy-notices.html]
[www.allegisglobalsolutions.com/en/ca-notice-at-collection.html]
[www.allegisglobalsolutions.com/en/ca-notice-at-collection-for-employees-and-job-applicants.html]
[www.allegisglobalsolutions.com/en/sitemap.html]
[www.allegisglobalsolutions.com/en/cookie-notice.html]
[www.allegisglobalsolutions.com/en/terms-and-conditions.html]
[www.allegisglobalsolutions.com/en/code-of-conduct.html]
[www.allegisglobalsolutions.com/en/mandatory-notices.html]
[www.allegisglobalsolutions.com/en/canada-accessibility-notice.html]
[sc-cms-prod103-cdn-dsb5cvath4adbgd0.z01.azurefd.net/Areas/ScoreCCF/js/v-11.29.1701264110/require.config.js]
[sc-cms-prod103-cdn-dsb5cvath4adbgd0.z01.azurefd.net/Areas/ScoreBootstrapUI/js/v-11.29.1701266534/require.config.js]
[sc-cms-prod103-cdn-dsb5cvath4adbgd0.z01.azurefd.net/Areas/Enterprise/js/v-6.10.1718028106/Enterprise.bundle.config.js]
[www.allegisglobalsolutions.com/Areas/AGS/js]
[sc-cms-prod103-cdn-dsb5cvath4adbgd0.z01.azurefd.net/Areas/AGS/js/v-4.4.1712224732/require.config.js]
[sc-cms-prod103-cdn-dsb5cvath4adbgd0.z01.azurefd.net/Areas/Enterprise/js/Vendor/v-6.10.1718027062/require.min.js]
[connect.facebook.net/en_US/fbevents.js]
[www.allegisglobalsolutions.com/helpers/getObjectProperty.html]
[p.typekit.net/p1232.css]
[www.allegisglobalsolutions.com/en-gb/workforce-solutions]
[www.allegisglobalsolutions.com/en-gb/workforce-solutions/managed-service-provider.c5.delayed]
[www.allegisglobalsolutions.com/en-gb/workforce-solutions/managed-service-provider/supply-chain-management.c6.delayed]
[www.allegisglobalsolutions.com/en-gb/workforce-solutions/managed-service-provider/direct-sourcing.c7.delayed]
[www.allegisglobalsolutions.com/en-gb/workforce-solutions/recruitment-process-outsourcing.c8.delayed]
[www.allegisglobalsolutions.com/en-gb/workforce-solutions/procurement-solutions.c9.delayed]
[www.allegisglobalsolutions.com/en-gb/workforce-solutions/total-talent-management.ca.delayed]
[www.allegisglobalsolutions.com/en-gb/consulting.cb.delayed]
[www.allegisglobalsolutions.com/en-gb/capabilities.cc.delayed]
[www.allegisglobalsolutions.com/en-gb/capabilities/acumen.cd.delayed]
[www.allegisglobalsolutions.com/en-gb/capabilities/diversity-inclusion.ce.delayed]
[www.allegisglobalsolutions.com/en-gb/capabilities/ags-ignite-consulting.cf.delayed]
[www.allegisglobalsolutions.com/en-gb/capabilities/partners.d0.delayed]
[www.allegisglobalsolutions.com/en-gb/search.d1.delayed]
[www.allegisglobalsolutions.com/en-gb/privacy-notices.d2.delayed]
[www.allegisglobalsolutions.com/en-gb/sitemap.d3.delayed]
[www.allegisglobalsolutions.com/en-gb/cookie-notice.d4.delayed]
[www.allegisglobalsolutions.com/en-gb/terms-and-conditions.d5.delayed]
[www.allegisglobalsolutions.com/en-gb/code-of-conduct.d6.delayed]
[www.allegisglobalsolutions.com/en-gb/mandatory-notices.d7.delayed]
[www.allegisglobalsolutions.com/en-gb/workforce-insights.html]
[www.allegisglobalsolutions.com/en-au/workforce-solutions.d8.delayed]
[www.allegisglobalsolutions.com/en-au/workforce-solutions/managed-service-provider.d9.delayed]
[www.allegisglobalsolutions.com/en-au/workforce-solutions/managed-service-provider/supply-chain-management.da.delayed]
[www.allegisglobalsolutions.com/en-au/workforce-solutions/managed-service-provider/direct-sourcing.db.delayed]
[www.allegisglobalsolutions.com/en-au/workforce-solutions/recruitment-process-outsourcing.dc.delayed]
[www.allegisglobalsolutions.com/en-au/workforce-solutions/procurement-solutions.dd.delayed]
[www.allegisglobalsolutions.com/en-au/workforce-solutions/total-talent-management.de.delayed]
[www.allegisglobalsolutions.com/en-au/consulting.df.delayed]
[www.allegisglobalsolutions.com/en-au/capabilities.e0.delayed]
[www.allegisglobalsolutions.com/en-au/capabilities/acumen.e1.delayed]
[www.allegisglobalsolutions.com/en-au/capabilities/diversity-inclusion.e2.delayed]
[www.allegisglobalsolutions.com/en-au/capabilities/ags-ignite-consulting.e3.delayed]
[www.allegisglobalsolutions.com/en-au/capabilities/partners.e4.delayed]
[www.allegisglobalsolutions.com/en-au/search.e5.delayed]
[www.allegisglobalsolutions.com/en-au/privacy-notices.e6.delayed]
[www.allegisglobalsolutions.com/en-au/sitemap.e7.delayed]
[www.allegisglobalsolutions.com/en-au/cookie-notice.e8.delayed]
[www.allegisglobalsolutions.com/en-au/terms-and-conditions.e9.delayed]
[www.allegisglobalsolutions.com/en-au/code-of-conduct.ea.delayed]
[www.allegisglobalsolutions.com/en-au/mandatory-notices.eb.delayed]
[www.allegisglobalsolutions.com/en-au/workforce-insights.html]
[www.allegisglobalsolutions.com/workforce-insights.html]
[sc-cms-prod103-cdn-dsb5cvath4adbgd0.z01.azurefd.net/-/media/images/ags/insights-and-analytics/podcasts/Preview-Episode_473x522 jpgc36c.jpg]
[www.allegisglobalsolutions.com/en-gb/podcast-feed.ed.delayed]
[www.allegisglobalsolutions.com/en-gb/workforce-insights/podcasts.html]
[www.allegisglobalsolutions.com/en-au/podcast-feed.ee.delayed]
[www.allegisglobalsolutions.com/en-au/workforce-insights/podcasts.html]
[www.allegisglobalsolutions.com/workforce-insights/podcasts.html]
[www.allegisglobalsolutions.com/en/podcast-feed.html]
[www.allegisglobalsolutions.com/en-gb/workforce-insights/white-papers.html]
[www.allegisglobalsolutions.com/en-au/workforce-insights/white-papers.html]
[www.allegisglobalsolutions.com/workforce-insights/white-papers.html]
[www.allegisglobalsolutions.com/en-gb/workforce-insights/case-studies.html]
[www.allegisglobalsolutions.com/en-au/workforce-insights/case-studies.html]
[www.allegisglobalsolutions.com/workforce-insights/case-studies.html]
[www.allegisglobalsolutions.com/en-gb/about-us.html]
[www.allegisglobalsolutions.com/en-au/about-us.html]
[www.allegisglobalsolutions.com/about-us.html]
[www.allegisglobalsolutions.com/sitecore/images/blank.html]
[www.allegisglobalsolutions.com/en-gb/about-us/news-and-events.html]
[www.allegisglobalsolutions.com/en-au/about-us/news-and-events.html]
[www.allegisglobalsolutions.com/about-us/news-and-events.html]
[www.allegisglobalsolutions.com/en-gb/press-release-feed.ef.delayed]
[www.allegisglobalsolutions.com/en-gb/about-us/news-and-events/press-releases.html]
[www.allegisglobalsolutions.com/en-au/press-release-feed.f0.delayed]
[www.allegisglobalsolutions.com/en-au/about-us/news-and-events/press-releases.html]
[www.allegisglobalsolutions.com/about-us/news-and-events/press-releases.html]
[www.allegisglobalsolutions.com/en/press-release-feed.html]
[www.allegisglobalsolutions.com/en-gb/about-us/news-and-events/press-releases/2022-ags-msp-bakers-dozen.html]
[www.allegisglobalsolutions.com/en-gb/about-us/news-and-events/press-releases/2022-ags-earns-rpo-peak-matrix-leader-status.html]
[www.allegisglobalsolutions.com/en-gb/about-us/news-and-events/press-releases/ags-us-tiaras-talent-solutions-award-2022.html]
[www.allegisglobalsolutions.com/en-gb/about-us/news-and-events/press-releases/2022-ags-sia-staffing-100-list.html]
[www.allegisglobalsolutions.com/en-gb/about-us/news-and-events/press-releases/ags-awarded-raytheon-award.html]
[www.allegisglobalsolutions.com/en-gb/about-us/news-and-events/press-releases/2022-gm-supplier-of-the-year-awards-21.html]
[www.allegisglobalsolutions.com/en-gb/about-us/news-and-events/press-releases/2021-hr-asia-best-companies-to-work-for-china.html]
[www.allegisglobalsolutions.com/en-gb/about-us/news-and-events/press-releases/2021-ags-sia-global-150.html]
[www.allegisglobalsolutions.com/en-gb/about-us/news-and-events/press-releases/2021-ags-rpo-bakers-dozen.html]
[www.allegisglobalsolutions.com/en-gb/about-us/news-and-events/press-releases/2021-ags-cwm-msp-peak-matrix.html]
[www.allegisglobalsolutions.com/en-gb/about-us/news-and-events/press-releases/2021-ags-everest-group-services-procurement-sow.html]
[www.allegisglobalsolutions.com/en-gb/about-us/news-and-events/press-releases/2021-pr-ags-earns-rpo-peak-matrix-leader-status.html]
[www.allegisglobalsolutions.com/en-gb/about-us/news-and-events/press-releases/2021-msp-ags-hro-today-bakers-dozen.html]
[www.allegisglobalsolutions.com/en-gb/about-us/news-and-events/press-releases/2021-ags-tiara-awards.html]
[www.allegisglobalsolutions.com/en-gb/about-us/news-and-events/press-releases/2021-ags-gm-supplier-of-the-year.html]
[www.allegisglobalsolutions.com/en-gb/about-us/news-and-events/awards.html]
[www.allegisglobalsolutions.com/en-gb/about-us/news-and-events/press-releases/2020-ags-apsco-apac-award.html]
[www.allegisglobalsolutions.com/en-au/about-us/news-and-events/press-releases/2022-ags-msp-bakers-dozen.html]
[www.allegisglobalsolutions.com/en-au/about-us/news-and-events/press-releases/2022-ags-earns-rpo-peak-matrix-leader-status.html]
[www.allegisglobalsolutions.com/en-au/about-us/news-and-events/press-releases/ags-us-tiaras-talent-solutions-award-2022.html]
[www.allegisglobalsolutions.com/en-au/about-us/news-and-events/press-releases/2022-ags-sia-staffing-100-list.html]
[www.allegisglobalsolutions.com/en-au/about-us/news-and-events/press-releases/ags-awarded-raytheon-award.html]
[www.allegisglobalsolutions.com/en-au/about-us/news-and-events/press-releases/2022-gm-supplier-of-the-year-awards-21.html]
[www.allegisglobalsolutions.com/en-au/about-us/news-and-events/press-releases/2021-hr-asia-best-companies-to-work-for-china.html]
[www.allegisglobalsolutions.com/en-au/about-us/news-and-events/press-releases/2021-ags-sia-global-150.html]
[www.allegisglobalsolutions.com/en-au/about-us/news-and-events/press-releases/2021-ags-rpo-bakers-dozen.html]
[www.allegisglobalsolutions.com/en-au/about-us/news-and-events/press-releases/2021-ags-cwm-msp-peak-matrix.html]
[www.allegisglobalsolutions.com/en-au/about-us/news-and-events/press-releases/2021-ags-everest-group-services-procurement-sow.html]
[www.allegisglobalsolutions.com/en-au/about-us/news-and-events/press-releases/2021-pr-ags-earns-rpo-peak-matrix-leader-status.html]
[www.allegisglobalsolutions.com/en-au/about-us/news-and-events/press-releases/2021-msp-ags-hro-today-bakers-dozen.html]
[www.allegisglobalsolutions.com/en-au/about-us/news-and-events/press-releases/2021-ags-tiara-awards.html]
[www.allegisglobalsolutions.com/en-au/about-us/news-and-events/press-releases/2021-ags-gm-supplier-of-the-year.html]
[www.allegisglobalsolutions.com/en-au/about-us/news-and-events/awards.html]
[www.allegisglobalsolutions.com/about-us/news-and-events/awards.html]
[www.allegisglobalsolutions.com/en-au/about-us/news-and-events/press-releases/2020-ags-apsco-apac-award.html]
[sc-cms-prod103-cdn-dsb5cvath4adbgd0.z01.azurefd.net/-/media/images/ags/about-us/press-releases/SIA Staffing 100 NA 202479f3.png]
[www.allegisglobalsolutions.com/en-gb/about-us/news-and-events/press-releases/two-allegis-global-solutions-executives-named-to-sias-2024-staffing-100-north-america-list.html]
[www.allegisglobalsolutions.com/en-au/about-us/news-and-events/press-releases/two-allegis-global-solutions-executives-named-to-sias-2024-staffing-100-north-america-list.html]
[www.allegisglobalsolutions.com/about-us/news-and-events/press-releases/two-allegis-global-solutions-executives-named-to-sias-2024-staffing-100-north-america-list.html]
[sc-cms-prod103-cdn-dsb5cvath4adbgd0.z01.azurefd.net/-/media/images/ags/backgrounds/stripe-backgrounds/ags_path_bg jpg150e.jpg]
[s7.addthis.com/js/300/addthis_widget.js]
[www.allegisglobalsolutions.com/en/about-us/news-and-events/press-releases/two-allegis-global-solutions-executives-named-to-sias-2024-staffing-100-north-america-list.html]
[sc-cms-prod103-cdn-dsb5cvath4adbgd0.z01.azurefd.net/-/media/images/ags/about-us/press-releases/SIA Global 150_2023 website Image30cc.jpeg]
[www.allegisglobalsolutions.com/en-gb/about-us/news-and-events/press-releases/2023-four-ags-leaders-named-to-sias-global-power-150-women-in-staffing-list.html]
[www.allegisglobalsolutions.com/en-au/about-us/news-and-events/press-releases/2023-four-ags-leaders-named-to-sias-global-power-150-women-in-staffing-list.html]
[www.allegisglobalsolutions.com/en/about-us/news-and-events/press-releases/2023-four-ags-leaders-named-to-sias-global-power-150-women-in-staffing-list.html]
[www.allegisglobalsolutions.com/indexa401.html]
[www.allegisglobalsolutions.com/about-us/news-and-events/press-releases/2023-four-ags-leaders-named-to-sias-global-power-150-women-in-staffing-list.html]
[sc-cms-prod103-cdn-dsb5cvath4adbgd0.z01.azurefd.net/-/media/images/ags/about-us/press-releases/MicrosoftTeams-image (54)0849.png]
[www.allegisglobalsolutions.com/en-gb/about-us/news-and-events/press-releases/2023-ags-executive-named-to-sias-staffing-100-europe-list.html]
[www.allegisglobalsolutions.com/en-au/about-us/news-and-events/press-releases/2023-ags-executive-named-to-sias-staffing-100-europe-list.html]
[www.allegisglobalsolutions.com/en/about-us/news-and-events/press-releases/2023-ags-executive-named-to-sias-staffing-100-europe-list.html]
[www.allegisglobalsolutions.com/about-us/news-and-events/press-releases/2023-ags-executive-named-to-sias-staffing-100-europe-list.html]
[sc-cms-prod103-cdn-dsb5cvath4adbgd0.z01.azurefd.net/-/media/images/ags/about-us/press-releases/Procurement Thumbnail1 - PEAK Matrix 2023c36c.jpeg]
[www.allegisglobalsolutions.com/en-gb/about-us/news-and-events/press-releases/2023-ags-earn-sow-ps-peak-matrix-assessment.html]
[www.allegisglobalsolutions.com/en-au/about-us/news-and-events/press-releases/2023-ags-earn-sow-ps-peak-matrix-assessment.html]
[www.allegisglobalsolutions.com/about-us/news-and-events/press-releases/2023-ags-earn-sow-ps-peak-matrix-assessment.html]
[www.allegisglobalsolutions.com/index3b23.html]
[www.allegisglobalsolutions.com/en/about-us/news-and-events/press-releases/2022-ags-named-msp-of-the-year-by-apsco-australia.html]
[www.allegisglobalsolutions.com/en/workforce-solutionsae82]
[www.allegisglobalsolutions.com/en/about-us/news-and-events/press-releases/2023-ags-earn-sow-ps-peak-matrix-assessment.html]
[sc-cms-prod103-cdn-dsb5cvath4adbgd0.z01.azurefd.net/-/media/images/ags/about-us/press-releases/Card Component - Cropping Templatecbd5.jpeg]
[www.allegisglobalsolutions.com/en-gb/about-us/news-and-events/press-releases/2023-ags-earns-msp-cwm-peak-matrix-leader-status-from-everest-group.html]
[www.allegisglobalsolutions.com/en-au/about-us/news-and-events/press-releases/2023-ags-earns-msp-cwm-peak-matrix-leader-status-from-everest-group.html]
[www.allegisglobalsolutions.com/en/about-us/news-and-events/press-releases/2023-ags-earns-msp-cwm-peak-matrix-leader-status-from-everest-group.html]
[www.allegisglobalsolutions.com/about-us/news-and-events/press-releases/2023-ags-earns-msp-cwm-peak-matrix-leader-status-from-everest-group.html]
[sc-cms-prod103-cdn-dsb5cvath4adbgd0.z01.azurefd.net/-/media/images/ags/about-us/press-releases/2023Website Thumbnail_RTX Collins Awardc0f7.jpg]
[www.allegisglobalsolutions.com/en-gb/about-us/news-and-events/press-releases/2023-rtx-premier-award-collins-aerospace-outstanding-supplier-award.html]
[www.allegisglobalsolutions.com/en-au/about-us/news-and-events/press-releases/2023-rtx-premier-award-collins-aerospace-outstanding-supplier-award.html]
[www.allegisglobalsolutions.com/en/about-us/news-and-events/press-releases/2023-rtx-premier-award-collins-aerospace-outstanding-supplier-award.html]
[www.allegisglobalsolutions.com/about-us/news-and-events/press-releases/2023-rtx-premier-award-collins-aerospace-outstanding-supplier-award.html]
[sc-cms-prod103-cdn-dsb5cvath4adbgd0.z01.azurefd.net/-/media/images/ags/about-us/press-releases/2023-SIA-40-under-40_website Thumbnail_usec36c.jpg]
[www.allegisglobalsolutions.com/en-gb/about-us/news-and-events/press-releases/2023-staffing-industry-analysts-recognizes-ags-leader-on-40-under-40-list.html]
[www.allegisglobalsolutions.com/en-au/about-us/news-and-events/press-releases/2023-staffing-industry-analysts-recognizes-ags-leader-on-40-under-40-list.html]
[www.allegisglobalsolutions.com/en/about-us/news-and-events/press-releases/2023-staffing-industry-analysts-recognizes-ags-leader-on-40-under-40-list.html]
[www.allegisglobalsolutions.com/about-us/news-and-events/press-releases/2023-staffing-industry-analysts-recognizes-ags-leader-on-40-under-40-list.html]
[sc-cms-prod103-cdn-dsb5cvath4adbgd0.z01.azurefd.net/-/media/images/ags/about-us/press-releases/2023-APAC-RPO-EverestPEAKMatrix-web9390.png]
[www.allegisglobalsolutions.com/en-gb/about-us/news-and-events/press-releases/2023-ags-named-a-leader-on-everest-groups-rpo-peak-matrix-for-the-apac.html]
[www.allegisglobalsolutions.com/en-au/about-us/news-and-events/press-releases/2023-ags-named-a-leader-on-everest-groups-rpo-peak-matrix-for-the-apac.html]
[www.allegisglobalsolutions.com/en/about-us/news-and-events/press-releases/2023-ags-named-a-leader-on-everest-groups-rpo-peak-matrix-for-the-apac.html]
[www.allegisglobalsolutions.com/about-us/news-and-events/press-releases/2023-ags-named-a-leader-on-everest-groups-rpo-peak-matrix-for-the-apac.html]
[sc-cms-prod103-cdn-dsb5cvath4adbgd0.z01.azurefd.net/-/media/images/ags/about-us/press-releases/2023-NA-RPO-EverestPEAKMatrix-web34c4.png]
[www.allegisglobalsolutions.com/en-gb/about-us/news-and-events/press-releases/2023-ags-earns-rpo-peak-matrix-leader-status-from-everest-group-for-na.html]
[www.allegisglobalsolutions.com/en-au/about-us/news-and-events/press-releases/2023-ags-earns-rpo-peak-matrix-leader-status-from-everest-group-for-na.html]
[www.allegisglobalsolutions.com/en/about-us/news-and-events/press-releases/2023-ags-earns-rpo-peak-matrix-leader-status-from-everest-group-for-na.html]
[www.allegisglobalsolutions.com/about-us/news-and-events/press-releases/2023-ags-earns-rpo-peak-matrix-leader-status-from-everest-group-for-na.html]
[sc-cms-prod103-cdn-dsb5cvath4adbgd0.z01.azurefd.net/-/media/images/ags/about-us/press-releases/2023Promotion_of_Staffing_100_Awards_LinkedInc36c.jpg]
[www.allegisglobalsolutions.com/en-gb/about-us/news-and-events/press-releases/four-ags-executives-named-to-sias-staffing-100-northamerica-list-2023.html]
[www.allegisglobalsolutions.com/en-au/about-us/news-and-events/press-releases/four-ags-executives-named-to-sias-staffing-100-northamerica-list-2023.html]
[www.allegisglobalsolutions.com/en/about-us/news-and-events/press-releases/four-ags-executives-named-to-sias-staffing-100-northamerica-list-2023.html]
[www.allegisglobalsolutions.com/about-us/news-and-events/press-releases/four-ags-executives-named-to-sias-staffing-100-northamerica-list-2023.html]
[www.allegisglobalsolutions.com/en-gb/about-us/news-and-events/press-releases/2023-gm-supplier-of-the-year-and-community-partnership-award.html]
[www.allegisglobalsolutions.com/en-au/about-us/news-and-events/press-releases/2023-gm-supplier-of-the-year-and-community-partnership-award.html]
[www.allegisglobalsolutions.com/en/about-us/news-and-events/press-releases/2023-gm-supplier-of-the-year-and-community-partnership-award.html]
[www.allegisglobalsolutions.com/about-us/news-and-events/press-releases/2023-gm-supplier-of-the-year-and-community-partnership-award.html]
[sc-cms-prod103-cdn-dsb5cvath4adbgd0.z01.azurefd.net/-/media/images/ags/about-us/press-releases/2023DEIInfluencerthumbnail14f6.jpg]
[www.allegisglobalsolutions.com/en-gb/about-us/news-and-events/press-releases/2023-ags-diversity-equity-and-inclusion-influencer-list.html]
[www.allegisglobalsolutions.com/en-au/about-us/news-and-events/press-releases/2023-ags-diversity-equity-and-inclusion-influencer-list.html]
[www.allegisglobalsolutions.com/en/about-us/news-and-events/press-releases/2023-ags-diversity-equity-and-inclusion-influencer-list.html]
[www.allegisglobalsolutions.com/about-us/news-and-events/press-releases/2023-ags-diversity-equity-and-inclusion-influencer-list.html]
[sc-cms-prod103-cdn-dsb5cvath4adbgd0.z01.azurefd.net/-/media/images/ags/about-us/press-releases/2022_HRO_TotalWorkforceSolutions_BakersDozen-PRpagee828.png]
[www.allegisglobalsolutions.com/en-gb/about-us/news-and-events/press-releases/ags-ranked-1-on-hro-todays-2022-total-workforce-solutions-bakers-dozen-list.html]
[www.allegisglobalsolutions.com/en-au/about-us/news-and-events/press-releases/ags-ranked-1-on-hro-todays-2022-total-workforce-solutions-bakers-dozen-list.html]
[www.allegisglobalsolutions.com/about-us/news-and-events/press-releases/ags-ranked-1-on-hro-todays-2022-total-workforce-solutions-bakers-dozen-list.html]
[www.allegisglobalsolutions.com/en/about-us/news-and-events/press-releases/ags-ranked-1-on-hro-todays-2022-total-workforce-solutions-bakers-dozen-list.html]
[sc-cms-prod103-cdn-dsb5cvath4adbgd0.z01.azurefd.net/-/media/images/ags/about-us/press-releases/2022_APSCo PR_PR Imagebc72.png]
[www.allegisglobalsolutions.com/en-gb/about-us/news-and-events/press-releases/2022-ags-named-msp-of-the-year-by-apsco-australia.html]
[www.allegisglobalsolutions.com/en-au/about-us/news-and-events/press-releases/2022-ags-named-msp-of-the-year-by-apsco-australia.html]
[www.allegisglobalsolutions.com/about-us/news-and-events/press-releases/2022-ags-earns-rpo-peak-matrix-leader-status.html]
[www.allegisglobalsolutions.com/about-us/news-and-events/press-releases/2022-ags-msp-bakers-dozen.html]
[www.allegisglobalsolutions.com/about-us/news-and-events/press-releases/2022-ags-named-msp-of-the-year-by-apsco-australia.html]
[www.allegisglobalsolutions.com/about-us/news-and-events/press-releases/2020-ags-apsco-apac-award.html]
[sc-cms-prod103-cdn-dsb5cvath4adbgd0.z01.azurefd.net/-/media/images/ags/about-us/press-releases/SIA_ThumbnailWomen in Staffing Honorees 2022c36c.png]
[www.allegisglobalsolutions.com/en/about-us/news-and-events/press-releases/2022-sia-global-power-150-women-in-staffing-honorees.html]
[www.allegisglobalsolutions.com/en-gb/about-us/news-and-events/press-releases/2022-sia-global-power-150-women-in-staffing-honorees.html]
[www.allegisglobalsolutions.com/about-us/news-and-events/press-releases/2022-sia-global-power-150-women-in-staffing-honorees.html]
[www.allegisglobalsolutions.com/en-au/about-us/news-and-events/press-releases/2022-sia-global-power-150-women-in-staffing-honorees.html]
[sc-cms-prod103-cdn-dsb5cvath4adbgd0.z01.azurefd.net/-/media/images/ags/about-us/press-releases/SIA_Staffing100_PR_Web (1)4271.jpg]
[www.allegisglobalsolutions.com/en/about-us/news-and-events/press-releases/2022-ags-executive-named-to-sia-staffing-100-europe-list.html]
[www.allegisglobalsolutions.com/en-gb/about-us/news-and-events/press-releases/2022-ags-executive-named-to-sia-staffing-100-europe-list.html]
[www.allegisglobalsolutions.com/about-us/news-and-events/press-releases/2022-ags-executive-named-to-sia-staffing-100-europe-list.html]
[www.allegisglobalsolutions.com/en-au/about-us/news-and-events/press-releases/2022-ags-executive-named-to-sia-staffing-100-europe-list.html]
[sc-cms-prod103-cdn-dsb5cvath4adbgd0.z01.azurefd.net/-/media/images/ags/msp/EverestPeak_BlogImages pngf38e.png]
[www.allegisglobalsolutions.com/en/about-us/news-and-events/press-releases/2022-ags-recognized-as-a-managed-service-provider-and-services-procurement-leader-and-star-performer.html]
[www.allegisglobalsolutions.com/en-gb/about-us/news-and-events/press-releases/2022-ags-recognized-as-a-managed-service-provider-and-services-procurement-leader-and-star-performer.html]
[www.allegisglobalsolutions.com/en-au/about-us/news-and-events/press-releases/2022-ags-recognized-as-a-managed-service-provider-and-services-procurement-leader-and-star-performer.html]
[www.allegisglobalsolutions.com/about-us/news-and-events/press-releases/2021-brightfield-ags-partnership.html]
[www.allegisglobalsolutions.com/about-us/news-and-events/press-releases/ags-awarded-raytheon-award.html]
[www.allegisglobalsolutions.com/about-us/news-and-events/press-releases/2022-gm-supplier-of-the-year-awards-21.html]
[www.allegisglobalsolutions.com/about-us/news-and-events/press-releases/ags-us-tiaras-talent-solutions-award-2022.html]
[www.allegisglobalsolutions.com/about-us/news-and-events/press-releases/2022-ags-recognized-as-a-managed-service-provider-and-services-procurement-leader-and-star-performer.html]
[www.allegisglobalsolutions.com/about-us/news-and-events/press-releases/ags-launches-universal-workforce-model.html]
[sc-cms-prod103-cdn-dsb5cvath4adbgd0.z01.azurefd.net/-/media/images/ags/msp/2022_HROBakersDozen png46f3.png]
[www.allegisglobalsolutions.com/en/about-us/news-and-events/press-releases/2022-ags-rpo-bakers-dozen-pr.html]
[www.allegisglobalsolutions.com/en-gb/about-us/news-and-events/press-releases/2022-ags-rpo-bakers-dozen-pr.html]
[www.allegisglobalsolutions.com/about-us/news-and-events/press-releases/2022-ags-rpo-bakers-dozen-pr.html]
[www.allegisglobalsolutions.com/en-au/about-us/news-and-events/press-releases/2022-ags-rpo-bakers-dozen-pr.html]
[sc-cms-prod103-cdn-dsb5cvath4adbgd0.z01.azurefd.net/-/media/images/ags/about-us/press-releases/AGS_HROToday2022BakersDozen_Thumbnail png2ca2.png]
[www.allegisglobalsolutions.com/en/about-us/news-and-events/press-releases/2022-ags-msp-bakers-dozen.html]
[www.allegisglobalsolutions.com/about-us/news-and-events/press-releases/2021-ags-rpo-bakers-dozen.html]
[sc-cms-prod103-cdn-dsb5cvath4adbgd0.z01.azurefd.net/-/media/images/ags/about-us/press-releases/2022_everest_rpo_peak_matrix_V1_600x520 png6a08.png]
[www.allegisglobalsolutions.com/about-us/news-and-events/press-releases/2021-ags-everest-group-services-procurement-sow.html]
[www.allegisglobalsolutions.com/en/about-us/news-and-events/press-releases/2022-ags-earns-rpo-peak-matrix-leader-status.html]
[www.allegisglobalsolutions.com/about-us/news-and-events/press-releases/2021-ags-cwm-msp-peak-matrix.html]
[sc-cms-prod103-cdn-dsb5cvath4adbgd0.z01.azurefd.net/-/media/images/ags/about-us/press-releases/TIARA_US_Awards_Web_2 jpg5d61.jpg]
[www.allegisglobalsolutions.com/en/about-us/news-and-events/press-releases/ags-us-tiaras-talent-solutions-award-2022.html]
[sc-cms-prod103-cdn-dsb5cvath4adbgd0.z01.azurefd.net/-/media/images/ags/about-us/press-releases/S100_Web_1450x750 png24d6.png]
[www.allegisglobalsolutions.com/en/about-us/news-and-events/press-releases/2022-ags-sia-staffing-100-list.html]
[www.allegisglobalsolutions.com/about-us/news-and-events/press-releases/2022-ags-sia-staffing-100-list.html]
[sc-cms-prod103-cdn-dsb5cvath4adbgd0.z01.azurefd.net/-/media/images/ags/about-us/press-releases/Raytheon_WebSocialAssets_600x520 jpgef7b.jpg]
[www.allegisglobalsolutions.com/en/about-us/news-and-events/press-releases/ags-awarded-raytheon-award.html]
[sc-cms-prod103-cdn-dsb5cvath4adbgd0.z01.azurefd.net/-/media/images/ags/about-us/press-releases/GM_Social_Web_1 jpg3a52.png]
[www.allegisglobalsolutions.com/en/about-us/news-and-events/press-releases/2022-gm-supplier-of-the-year-awards-21.html]
[sc-cms-prod103-cdn-dsb5cvath4adbgd0.z01.azurefd.net/-/media/images/ags/about-us/press-releases/HR_Asia_China_Best_Workplace-02ba9a.png]
[www.allegisglobalsolutions.com/en/about-us/news-and-events/press-releases/2021-hr-asia-best-companies-to-work-for-china.html]
[www.allegisglobalsolutions.com/about-us/news-and-events/press-releases/2021-hr-asia-best-companies-to-work-for-china.html]
[sc-cms-prod103-cdn-dsb5cvath4adbgd0.z01.azurefd.net/-/media/images/ags/msp/600x5202269.png]
[www.allegisglobalsolutions.com/en/about-us/news-and-events/press-releases/2021-ags-sia-global-150.html]
[www.allegisglobalsolutions.com/about-us/news-and-events/press-releases/2021-ags-sia-global-150.html]
[sc-cms-prod103-cdn-dsb5cvath4adbgd0.z01.azurefd.net/-/media/images/ags/msp/AGS_HROToday2021BakersDozen_RPO_600x520-017bbe.png]
[www.allegisglobalsolutions.com/en/about-us/news-and-events/press-releases/2021-ags-rpo-bakers-dozen.html]
[sc-cms-prod103-cdn-dsb5cvath4adbgd0.z01.azurefd.net/-/media/images/ags/msp/High-Res PEAK 2021 - CWM_MSP - For Allegis Global Solutions resized85a8.jpg]
[www.allegisglobalsolutions.com/index5a0a.html]
[www.allegisglobalsolutions.com/about-us/news-and-events/press-releases/2021-ags-gm-supplier-of-the-year.html]
[www.allegisglobalsolutions.com/about-us/news-and-events/press-releases/2021-ags-tiara-awards.html]
[www.allegisglobalsolutions.com/about-us/news-and-events/press-releases/2021-msp-ags-hro-today-bakers-dozen.html]
[www.allegisglobalsolutions.com/about-us/news-and-events/press-releases/2021-pr-ags-earns-rpo-peak-matrix-leader-status.html]
[www.allegisglobalsolutions.com/about-us/news-and-events/press-releases/2021-ags-globality-partnership.html]
[www.allegisglobalsolutions.com/en/managed-service-provider5a0a]
[www.allegisglobalsolutions.com/en/about-us/news-and-events/press-releases/2021-ags-cwm-msp-peak-matrix.html]
[sc-cms-prod103-cdn-dsb5cvath4adbgd0.z01.azurefd.net/-/media/images/ags/msp/High-Res PEAK 2021 - Services Procurement _ SOW_resized37e2.jpg]
[www.allegisglobalsolutions.com/en/workforce-solutions/procurement-solutions6a36]
[www.allegisglobalsolutions.com/index6a36.html]
[www.allegisglobalsolutions.com/en/about-us/news-and-events/press-releases/2021-ags-everest-group-services-procurement-sow.html]
[sc-cms-prod103-cdn-dsb5cvath4adbgd0.z01.azurefd.net/-/media/images/ags/about-us/press-releases/High-Res PEAK 2021 - RPO Services - Focus on Allegis Global Solutions jpga5bc.jpg]
[www.allegisglobalsolutions.com/en/about-us/news-and-events/press-releases/2021-pr-ags-earns-rpo-peak-matrix-leader-status.html]
[sc-cms-prod103-cdn-dsb5cvath4adbgd0.z01.azurefd.net/-/media/images/ags/msp/AGS_HROToday2021BakersDozen_Social1dbe.png]
[www.allegisglobalsolutions.com/about-us/news-and-events/press-releases/2020-ags-msp-everest-peak.html]
[www.allegisglobalsolutions.com/en/about-us/news-and-events/press-releases/2021-msp-ags-hro-today-bakers-dozen.html]
[sc-cms-prod103-cdn-dsb5cvath4adbgd0.z01.azurefd.net/-/media/images/ags/rpo/AGS_Web_PR_TiaraTSAwards_social22a9.png]
[www.allegisglobalsolutions.com/en/workforce-solutions/recruitment-process-outsourcing37a2]
[www.allegisglobalsolutions.com/en/about-us/news-and-events/press-releases/2021-ags-tiara-awards.html]
[sc-cms-prod103-cdn-dsb5cvath4adbgd0.z01.azurefd.net/-/media/images/ags/msp/AGS_Web_PR_GM_SOY2021_Body_B6cea.png]
[www.allegisglobalsolutions.com/en/about-us/news-and-events/press-releases/2021-ags-gm-supplier-of-the-year.html]
[www.allegisglobalsolutions.com/en/about-us/news-and-events/press-releases/2020-ags-apsco-apac-award.html]
[www.allegisglobalsolutions.com/about-us/news-and-events/events/2023/5/cws-europe-summit-2023]
[www.allegisglobalsolutions.com/en-gb/about-us/news-and-events/events.html]
[www.allegisglobalsolutions.com/en-au/about-us/news-and-events/events.html]
[www.allegisglobalsolutions.com/about-us/news-and-events/events.html]
[www.allegisglobalsolutions.com/en-gb/about-us/news-and-events/in-the-news.html]
[www.allegisglobalsolutions.com/en-au/about-us/news-and-events/in-the-news.html]
[www.allegisglobalsolutions.com/about-us/news-and-events/in-the-news.html]
[sc-cms-prod103-cdn-dsb5cvath4adbgd0.z01.azurefd.net/-/media/images/ags/home/Supplemental_Homepage1920x480_navy jpgc36c.jpg]
[d1hgczpbubj217.cloudfront.net/video-widget/o4jxnX3Q/init.js]
[www.allegisglobalsolutions.com/en-gb/about-us/careers.html]
[www.allegisglobalsolutions.com/en-au/about-us/careers.html]
[www.allegisglobalsolutions.com/about-us/careers.html]
[www.allegisglobalsolutions.com/en-gb/about-us/locations/europe/birmingham.html]
[www.allegisglobalsolutions.com/en-gb/about-us/locations/europe/bracknell.html]
[www.allegisglobalsolutions.com/en-gb/about-us/locations/europe/budapest.html]
[www.allegisglobalsolutions.com/en-gb/about-us/locations/europe/london.html]
[www.allegisglobalsolutions.com/en-gb/about-us/locations/europe/warsaw.html]
[www.allegisglobalsolutions.com/en-gb/about-us/contact-us.html]
[www.allegisglobalsolutions.com/en-gb/about-us/locations/europe/zurich.html]
[www.allegisglobalsolutions.com/en-au/about-us/locations/asia-pacific/bangalore.html]
[www.allegisglobalsolutions.com/en-au/about-us/locations/asia-pacific/brisbane.html]
[www.allegisglobalsolutions.com/en-au/about-us/locations/asia-pacific/hong-kong.html]
[www.allegisglobalsolutions.com/en-au/about-us/locations/asia-pacific/manila.html]
[www.allegisglobalsolutions.com/en-au/about-us/locations/asia-pacific/melbourne.html]
[www.allegisglobalsolutions.com/en-au/about-us/locations/asia-pacific/pune.html]
[www.allegisglobalsolutions.com/en-au/about-us/locations/asia-pacific/shanghai.html]
[www.allegisglobalsolutions.com/en-au/about-us/locations/asia-pacific/singapore.html]
[www.allegisglobalsolutions.com/en-au/about-us/locations/asia-pacific/sydney.html]
[www.allegisglobalsolutions.com/en-au/about-us/locations/asia-pacific/tokyo.html]
[www.allegisglobalsolutions.com/en-au/about-us/contact-us.html]
[www.allegisglobalsolutions.com/about-us/contact-us.html]
[www.allegisglobalsolutions.com/en-au/about-us/locations/asia-pacific/wellington.html]
[www.allegisglobalsolutions.com/en-gb/about-us/locations/north-america/hanover.html]
[www.allegisglobalsolutions.com/en-au/about-us/locations/north-america/hanover.html]
[www.allegisglobalsolutions.com/en/about-us/locations/north-america/hanover.html]
[www.allegisglobalsolutions.com/about-us/locations/north-america/hanover.html]
[www.allegisglobalsolutions.com/en-gb/about-us/locations/north-america/jacksonville.html]
[www.allegisglobalsolutions.com/en-au/about-us/locations/north-america/jacksonville.html]
[www.allegisglobalsolutions.com/en/about-us/locations/north-america/jacksonville.html]
[www.allegisglobalsolutions.com/about-us/locations/north-america/jacksonville.html]
[www.allegisglobalsolutions.com/en-gb/about-us/locations/north-america/kirkland.html]
[www.allegisglobalsolutions.com/en-au/about-us/locations/north-america/kirkland.html]
[www.allegisglobalsolutions.com/en/about-us/locations/north-america/kirkland.html]
[www.allegisglobalsolutions.com/about-us/locations/north-america/kirkland.html]
[www.allegisglobalsolutions.com/en-gb/about-us/locations/north-america/mississauga.html]
[www.allegisglobalsolutions.com/en-au/about-us/locations/north-america/mississauga.html]
[www.allegisglobalsolutions.com/en/about-us/locations/north-america/mississauga.html]
[www.allegisglobalsolutions.com/about-us/locations/north-america/mississauga.html]
[www.allegisglobalsolutions.com/en-gb/about-us/locations/north-america/phoenix.html]
[www.allegisglobalsolutions.com/en-au/about-us/locations/north-america/phoenix.html]
[www.allegisglobalsolutions.com/en/about-us/locations/north-america/phoenix.html]
[www.allegisglobalsolutions.com/about-us/locations/north-america/phoenix.html]
[www.allegisglobalsolutions.com/en-gb/about-us/locations/north-america/troy.html]
[www.allegisglobalsolutions.com/en-au/about-us/locations/north-america/troy.html]
[www.allegisglobalsolutions.com/en/about-us/locations/north-america/troy.html]
[www.allegisglobalsolutions.com/Areas/AGS/img/ags-icon-select-menu.html]
[www.allegisglobalsolutions.com/about-us/locations/north-america/troy.html]
[www.allegisglobalsolutions.com/en-gb/about-us/locations/asia-pacific/bangalore.html]
[www.allegisglobalsolutions.com/en-gb/about-us/locations/asia-pacific/brisbane.html]
[www.allegisglobalsolutions.com/en-gb/about-us/locations/asia-pacific/hong-kong.html]
[www.allegisglobalsolutions.com/en-gb/about-us/locations/asia-pacific/manila.html]
[www.allegisglobalsolutions.com/en-gb/about-us/locations/asia-pacific/melbourne.html]
[www.allegisglobalsolutions.com/en-gb/about-us/locations/asia-pacific/pune.html]
[www.allegisglobalsolutions.com/en-gb/about-us/locations/asia-pacific/shanghai.html]
[www.allegisglobalsolutions.com/en-gb/about-us/locations/asia-pacific/singapore.html]
[www.allegisglobalsolutions.com/en-gb/about-us/locations/asia-pacific/sydney.html]
[www.allegisglobalsolutions.com/en-gb/about-us/locations/asia-pacific/tokyo.html]
[www.allegisglobalsolutions.com/en-gb/about-us/locations.html]
[www.allegisglobalsolutions.com/en-gb/about-us/locations/asia-pacific/wellington.html]
[www.allegisglobalsolutions.com/en-au/about-us/locations/europe/birmingham.html]
[www.allegisglobalsolutions.com/en-au/about-us/locations/europe/bracknell.html]
[www.allegisglobalsolutions.com/en-au/about-us/locations/europe/budapest.html]
[www.allegisglobalsolutions.com/en-au/about-us/locations/europe/london.html]
[www.allegisglobalsolutions.com/en-au/about-us/locations/europe/warsaw.html]
[www.allegisglobalsolutions.com/en-au/about-us/locations.html]
[www.allegisglobalsolutions.com/about-us/locations.html]
[www.allegisglobalsolutions.com/en-au/about-us/locations/europe/zurich.html]
[www.allegisglobalsolutions.com/en/about-us/locations/europe/birmingham.html]
[www.allegisglobalsolutions.com/about-us/locations/europe/birmingham.html]
[www.allegisglobalsolutions.com/en/about-us/locations/europe/bracknell.html]
[www.allegisglobalsolutions.com/about-us/locations/europe/bracknell.html]
[www.allegisglobalsolutions.com/en/about-us/locations/europe/budapest.html]
[www.allegisglobalsolutions.com/about-us/locations/europe/budapest.html]
[www.allegisglobalsolutions.com/en/about-us/locations/europe/london.html]
[www.allegisglobalsolutions.com/about-us/locations/europe/london.html]
[www.allegisglobalsolutions.com/en/about-us/locations/europe/warsaw.html]
[www.allegisglobalsolutions.com/about-us/locations/europe/warsaw.html]
[www.allegisglobalsolutions.com/en/about-us/locations/europe/zurich.html]
[www.allegisglobalsolutions.com/about-us/locations/europe/zurich.html]
[www.allegisglobalsolutions.com/en/about-us/locations/asia-pacific/bangalore.html]
[www.allegisglobalsolutions.com/about-us/locations/asia-pacific/bangalore.html]
[www.allegisglobalsolutions.com/en/about-us/locations/asia-pacific/brisbane.html]
[www.allegisglobalsolutions.com/about-us/locations/asia-pacific/brisbane.html]
[www.allegisglobalsolutions.com/en/about-us/locations/asia-pacific/hong-kong.html]
[www.allegisglobalsolutions.com/about-us/locations/asia-pacific/hong-kong.html]
[www.allegisglobalsolutions.com/en/about-us/locations/asia-pacific/manila.html]
[www.allegisglobalsolutions.com/about-us/locations/asia-pacific/manila.html]
[www.allegisglobalsolutions.com/en/about-us/locations/asia-pacific/melbourne.html]
[www.allegisglobalsolutions.com/about-us/locations/asia-pacific/melbourne.html]
[www.allegisglobalsolutions.com/en/about-us/locations/asia-pacific/pune.html]
[www.allegisglobalsolutions.com/about-us/locations/asia-pacific/pune.html]
[www.allegisglobalsolutions.com/en/about-us/locations/asia-pacific/shanghai.html]
[www.allegisglobalsolutions.com/about-us/locations/asia-pacific/shanghai.html]
[www.allegisglobalsolutions.com/en/about-us/locations/asia-pacific/singapore.html]
[www.allegisglobalsolutions.com/about-us/locations/asia-pacific/singapore.html]
[www.allegisglobalsolutions.com/en/about-us/locations/asia-pacific/sydney.html]
[www.allegisglobalsolutions.com/about-us/locations/asia-pacific/sydney.html]
[www.allegisglobalsolutions.com/en/about-us/locations/asia-pacific/tokyo.html]
[www.allegisglobalsolutions.com/about-us/locations/asia-pacific/tokyo.html]
[www.allegisglobalsolutions.com/en/about-us/locations/asia-pacific/wellington.html]
[www.allegisglobalsolutions.com/en-gb/about-us/jobs.html]
[www.allegisglobalsolutions.com/en-au/about-us/jobs.html]
[www.allegisglobalsolutions.com/about-us/jobs.html]
[www.allegisglobalsolutions.com/Areas/AGS/js.html]
[assets.adobedtm.com/signals/iwl.html]
[www.allegisglobalsolutions.com/en-gb/workforce-solutions.html]
[www.allegisglobalsolutions.com/en-gb/workforce-solutions/managed-service-provider.html]
[www.allegisglobalsolutions.com/en-gb/workforce-solutions/managed-service-provider/supply-chain-management.html]
[www.allegisglobalsolutions.com/en-gb/workforce-solutions/managed-service-provider/direct-sourcing.html]
[www.allegisglobalsolutions.com/en-gb/workforce-solutions/recruitment-process-outsourcing.html]
[www.allegisglobalsolutions.com/en-gb/workforce-solutions/procurement-solutions.html]
[www.allegisglobalsolutions.com/en-gb/workforce-solutions/total-talent-management.html]
[www.allegisglobalsolutions.com/en-gb/consulting.html]
[www.allegisglobalsolutions.com/en-gb/capabilities.html]
[www.allegisglobalsolutions.com/en-gb/capabilities/acumen.html]
[www.allegisglobalsolutions.com/en-gb/capabilities/diversity-inclusion.html]
[www.allegisglobalsolutions.com/en-gb/capabilities/ags-ignite-consulting.html]
[www.allegisglobalsolutions.com/en-gb/capabilities/partners.html]
[www.allegisglobalsolutions.com/en-gb/search.html]
[www.allegisglobalsolutions.com/en-gb/privacy-notices.html]
[www.allegisglobalsolutions.com/en-gb/sitemap.html]
[www.allegisglobalsolutions.com/en-gb/cookie-notice.html]
[www.allegisglobalsolutions.com/en-gb/terms-and-conditions.html]
[www.allegisglobalsolutions.com/en-gb/code-of-conduct.html]
[www.allegisglobalsolutions.com/en-gb/mandatory-notices.html]
[www.allegisglobalsolutions.com/en-au/workforce-solutions.html]
[www.allegisglobalsolutions.com/en-au/workforce-solutions/managed-service-provider.html]
[www.allegisglobalsolutions.com/en-au/workforce-solutions/managed-service-provider/supply-chain-management.html]
[www.allegisglobalsolutions.com/en-au/workforce-solutions/managed-service-provider/direct-sourcing.html]
[www.allegisglobalsolutions.com/en-au/workforce-solutions/recruitment-process-outsourcing.html]
[www.allegisglobalsolutions.com/en-au/workforce-solutions/procurement-solutions.html]
[www.allegisglobalsolutions.com/en-au/workforce-solutions/total-talent-management.html]
[www.allegisglobalsolutions.com/en-au/consulting.html]
[www.allegisglobalsolutions.com/en-au/capabilities.html]
[www.allegisglobalsolutions.com/en-au/capabilities/acumen.html]
[www.allegisglobalsolutions.com/en-au/capabilities/diversity-inclusion.html]
[www.allegisglobalsolutions.com/en-au/capabilities/ags-ignite-consulting.html]
[www.allegisglobalsolutions.com/en-au/capabilities/partners.html]
[www.allegisglobalsolutions.com/en-au/search.html]
[www.allegisglobalsolutions.com/en-au/privacy-notices.html]
[www.allegisglobalsolutions.com/en-au/sitemap.html]
[www.allegisglobalsolutions.com/en-au/cookie-notice.html]
[www.allegisglobalsolutions.com/en-au/terms-and-conditions.html]
[www.allegisglobalsolutions.com/en-au/code-of-conduct.html]
[www.allegisglobalsolutions.com/en-au/mandatory-notices.html]
[www.allegisglobalsolutions.com/en-gb/podcast-feed.html]
[www.allegisglobalsolutions.com/en-au/podcast-feed.html]
[www.allegisglobalsolutions.com/en-gb/press-release-feed.html]
[www.allegisglobalsolutions.com/en-au/press-release-feed.html]
[www.allegisglobalsolutions.com/about-us/locations/asia-pacific/wellington.html]
[sc-cms-prod103-cdn-dsb5cvath4adbgd0.z01.azurefd.net/-/media/images/ags/about-us/press-releases/AGS_HROToday2022BakersDozen_Thumbnail pngc36c.png]
[sc-cms-prod103-cdn-dsb5cvath4adbgd0.z01.azurefd.net/-/media/images/ags/backgrounds/stripe-backgrounds/ags_path_bg jpgc36c.jpg]
[www.allegisglobalsolutions.com/en-gb/about-us/news-and-events/press-releases/2022-ags-msp-bakers-dozen.html]
[sc-cms-prod103-cdn-dsb5cvath4adbgd0.z01.azurefd.net/-/media/images/ags/about-us/press-releases/2022_everest_rpo_peak_matrix_V1_600x520 pngc36c.png]
[www.allegisglobalsolutions.com/en-gb/about-us/news-and-events/press-releases/2022-ags-earns-rpo-peak-matrix-leader-status.html]
[sc-cms-prod103-cdn-dsb5cvath4adbgd0.z01.azurefd.net/-/media/images/ags/about-us/press-releases/TIARA_US_Awards_Web_2 jpgc36c.jpg]
[www.allegisglobalsolutions.com/en-gb/about-us/news-and-events/press-releases/ags-us-tiaras-talent-solutions-award-2022.html]
[sc-cms-prod103-cdn-dsb5cvath4adbgd0.z01.azurefd.net/-/media/images/ags/about-us/press-releases/S100_Web_1450x750 pngc36c.png]
[www.allegisglobalsolutions.com/en-gb/about-us/news-and-events/press-releases/2022-ags-sia-staffing-100-list.html]
[www.allegisglobalsolutions.com/en-gb/about-us/news-and-events/press-releases/ags-awarded-raytheon-award.html]
[sc-cms-prod103-cdn-dsb5cvath4adbgd0.z01.azurefd.net/-/media/images/ags/about-us/press-releases/GM_Social_Web_1 jpgc36c.png]
[www.allegisglobalsolutions.com/en-gb/about-us/news-and-events/press-releases/2022-gm-supplier-of-the-year-awards-21.html]
[sc-cms-prod103-cdn-dsb5cvath4adbgd0.z01.azurefd.net/-/media/images/ags/about-us/press-releases/HR_Asia_China_Best_Workplace-02c36c.png]
[www.allegisglobalsolutions.com/en-gb/about-us/news-and-events/press-releases/2021-hr-asia-best-companies-to-work-for-china.html]
[sc-cms-prod103-cdn-dsb5cvath4adbgd0.z01.azurefd.net/-/media/images/ags/msp/600x520c36c.png]
[www.allegisglobalsolutions.com/en-gb/about-us/news-and-events/press-releases/2021-ags-sia-global-150.html]
[sc-cms-prod103-cdn-dsb5cvath4adbgd0.z01.azurefd.net/-/media/images/ags/msp/AGS_HROToday2021BakersDozen_RPO_600x520-01c36c.png]
[www.allegisglobalsolutions.com/en-gb/about-us/news-and-events/press-releases/2021-ags-rpo-bakers-dozen.html]
[sc-cms-prod103-cdn-dsb5cvath4adbgd0.z01.azurefd.net/-/media/images/ags/msp/High-Res PEAK 2021 - CWM_MSP - For Allegis Global Solutions resizedc36c.jpg]
[www.allegisglobalsolutions.com/en-gb/about-us/news-and-events/press-releases/2021-ags-cwm-msp-peak-matrix.html]
[sc-cms-prod103-cdn-dsb5cvath4adbgd0.z01.azurefd.net/-/media/images/ags/msp/High-Res PEAK 2021 - Services Procurement _ SOW_resizedc36c.jpg]
[www.allegisglobalsolutions.com/en-gb/about-us/news-and-events/press-releases/2021-ags-everest-group-services-procurement-sow.html]
[sc-cms-prod103-cdn-dsb5cvath4adbgd0.z01.azurefd.net/-/media/images/ags/about-us/press-releases/High-Res PEAK 2021 - RPO Services - Focus on Allegis Global Solutions jpgc36c.jpg]
[www.allegisglobalsolutions.com/en-gb/about-us/news-and-events/press-releases/2021-pr-ags-earns-rpo-peak-matrix-leader-status.html]
[sc-cms-prod103-cdn-dsb5cvath4adbgd0.z01.azurefd.net/-/media/images/ags/msp/AGS_HROToday2021BakersDozen_Socialc36c.png]
[www.allegisglobalsolutions.com/en-gb/about-us/news-and-events/press-releases/2021-msp-ags-hro-today-bakers-dozen.html]
[sc-cms-prod103-cdn-dsb5cvath4adbgd0.z01.azurefd.net/-/media/images/ags/rpo/AGS_Web_PR_TiaraTSAwards_socialc36c.png]
[www.allegisglobalsolutions.com/en-gb/about-us/news-and-events/press-releases/2021-ags-tiara-awards.html]
[sc-cms-prod103-cdn-dsb5cvath4adbgd0.z01.azurefd.net/-/media/images/ags/msp/AGS_Web_PR_GM_SOY2021_Body_Bc36c.png]
[www.allegisglobalsolutions.com/en-gb/about-us/news-and-events/press-releases/2021-ags-gm-supplier-of-the-year.html]
[www.allegisglobalsolutions.com/en-gb/about-us/news-and-events/press-releases/2020-ags-apsco-apac-award.html]
[www.allegisglobalsolutions.com/en-au/about-us/news-and-events/press-releases/2022-ags-msp-bakers-dozen.html]
[www.allegisglobalsolutions.com/en-au/about-us/news-and-events/press-releases/2022-ags-earns-rpo-peak-matrix-leader-status.html]
[www.allegisglobalsolutions.com/en-au/about-us/news-and-events/press-releases/ags-us-tiaras-talent-solutions-award-2022.html]
[www.allegisglobalsolutions.com/en-au/about-us/news-and-events/press-releases/2022-ags-sia-staffing-100-list.html]
[sc-cms-prod103-cdn-dsb5cvath4adbgd0.z01.azurefd.net/-/media/images/ags/about-us/press-releases/Raytheon_WebSocialAssets_600x520 jpgc36c.jpg]
[www.allegisglobalsolutions.com/en-au/about-us/news-and-events/press-releases/ags-awarded-raytheon-award.html]
[www.allegisglobalsolutions.com/en-au/about-us/news-and-events/press-releases/2022-gm-supplier-of-the-year-awards-21.html]
[www.allegisglobalsolutions.com/en-au/about-us/news-and-events/press-releases/2021-hr-asia-best-companies-to-work-for-china.html]
[www.allegisglobalsolutions.com/en-au/about-us/news-and-events/press-releases/2021-ags-sia-global-150.html]
[www.allegisglobalsolutions.com/en-au/about-us/news-and-events/press-releases/2021-ags-rpo-bakers-dozen.html]
[www.allegisglobalsolutions.com/en-au/about-us/news-and-events/press-releases/2021-ags-cwm-msp-peak-matrix.html]
[www.allegisglobalsolutions.com/en-au/about-us/news-and-events/press-releases/2021-ags-everest-group-services-procurement-sow.html]
[www.allegisglobalsolutions.com/en-au/about-us/news-and-events/press-releases/2021-pr-ags-earns-rpo-peak-matrix-leader-status.html]
[www.allegisglobalsolutions.com/en-au/about-us/news-and-events/press-releases/2021-msp-ags-hro-today-bakers-dozen.html]
[www.allegisglobalsolutions.com/en-au/about-us/news-and-events/press-releases/2021-ags-tiara-awards.html]
[www.allegisglobalsolutions.com/en-au/about-us/news-and-events/press-releases/2021-ags-gm-supplier-of-the-year.html]
[www.allegisglobalsolutions.com/en-au/about-us/news-and-events/press-releases/2020-ags-apsco-apac-award.html]
[sc-cms-prod103-cdn-dsb5cvath4adbgd0.z01.azurefd.net/-/media/images/ags/about-us/press-releases/SIA Staffing 100 NA 2024c36c.png]
[www.allegisglobalsolutions.com/en-gb/about-us/news-and-events/press-releases/two-allegis-global-solutions-executives-named-to-sias-2024-staffing-100-north-america-list.html]
[www.allegisglobalsolutions.com/en-au/about-us/news-and-events/press-releases/two-allegis-global-solutions-executives-named-to-sias-2024-staffing-100-north-america-list.html]
[www.allegisglobalsolutions.com/about-us/news-and-events/press-releases/two-allegis-global-solutions-executives-named-to-sias-2024-staffing-100-north-america-list.html]
[sc-cms-prod103-cdn-dsb5cvath4adbgd0.z01.azurefd.net/-/media/images/ags/about-us/press-releases/SIA Global 150_2023 website Imagec36c.jpeg]
[www.allegisglobalsolutions.com/en-gb/about-us/news-and-events/press-releases/2023-four-ags-leaders-named-to-sias-global-power-150-women-in-staffing-list.html]
[www.allegisglobalsolutions.com/en-au/about-us/news-and-events/press-releases/2023-four-ags-leaders-named-to-sias-global-power-150-women-in-staffing-list.html]
[www.allegisglobalsolutions.com/about-us/news-and-events/press-releases/2023-four-ags-leaders-named-to-sias-global-power-150-women-in-staffing-list.html]
[www.allegisglobalsolutions.com/indexa401.html]
[sc-cms-prod103-cdn-dsb5cvath4adbgd0.z01.azurefd.net/-/media/images/ags/about-us/press-releases/MicrosoftTeams-image (54)c36c.png]
[www.allegisglobalsolutions.com/en-gb/about-us/news-and-events/press-releases/2023-ags-executive-named-to-sias-staffing-100-europe-list.html]
[www.allegisglobalsolutions.com/en-au/about-us/news-and-events/press-releases/2023-ags-executive-named-to-sias-staffing-100-europe-list.html]
[www.allegisglobalsolutions.com/about-us/news-and-events/press-releases/2023-ags-executive-named-to-sias-staffing-100-europe-list.html]
[www.allegisglobalsolutions.com/en-gb/about-us/news-and-events/press-releases/2023-ags-earn-sow-ps-peak-matrix-assessment.html]
[sc-cms-prod103-cdn-dsb5cvath4adbgd0.z01.azurefd.net/-/media/images/ags/about-us/press-releases/Procurement Thumbnail1 - PEAK Matrix 2023a98b.jpeg]
[www.allegisglobalsolutions.com/en-au/about-us/news-and-events/press-releases/2023-ags-earn-sow-ps-peak-matrix-assessment.html]
[www.allegisglobalsolutions.com/about-us/news-and-events/press-releases/2023-ags-earn-sow-ps-peak-matrix-assessment.html]
[www.allegisglobalsolutions.com/index3b23.html]
[www.allegisglobalsolutions.com/en/about-us/news-and-events/press-releases/2022-ags-named-msp-of-the-year-by-apsco-australia.html]
[www.allegisglobalsolutions.com/en/workforce-solutionsae82.html]
[sc-cms-prod103-cdn-dsb5cvath4adbgd0.z01.azurefd.net/-/media/images/ags/about-us/press-releases/Contingent Workforce Management CWM 2023  PEAK Matrix Award Logo  Leaderc36c.jpg]
[www.allegisglobalsolutions.com/en-gb/about-us/news-and-events/press-releases/2023-ags-earns-msp-cwm-peak-matrix-leader-status-from-everest-group.html]
[www.allegisglobalsolutions.com/en-au/about-us/news-and-events/press-releases/2023-ags-earns-msp-cwm-peak-matrix-leader-status-from-everest-group.html]
[www.allegisglobalsolutions.com/about-us/news-and-events/press-releases/2023-ags-earns-msp-cwm-peak-matrix-leader-status-from-everest-group.html]
[sc-cms-prod103-cdn-dsb5cvath4adbgd0.z01.azurefd.net/-/media/images/ags/about-us/press-releases/2023Website Thumbnail_RTX Collins Awardc36c.jpg]
[www.allegisglobalsolutions.com/en-gb/about-us/news-and-events/press-releases/2023-rtx-premier-award-collins-aerospace-outstanding-supplier-award.html]
[www.allegisglobalsolutions.com/en-au/about-us/news-and-events/press-releases/2023-rtx-premier-award-collins-aerospace-outstanding-supplier-award.html]
[www.allegisglobalsolutions.com/about-us/news-and-events/press-releases/2023-rtx-premier-award-collins-aerospace-outstanding-supplier-award.html]
[www.allegisglobalsolutions.com/en-gb/about-us/news-and-events/press-releases/2023-staffing-industry-analysts-recognizes-ags-leader-on-40-under-40-list.html]
[sc-cms-prod103-cdn-dsb5cvath4adbgd0.z01.azurefd.net/-/media/images/ags/about-us/press-releases/2023-SIA-40-under-40_website Thumbnail_usea4fe.jpg]
[www.allegisglobalsolutions.com/en-au/about-us/news-and-events/press-releases/2023-staffing-industry-analysts-recognizes-ags-leader-on-40-under-40-list.html]
[www.allegisglobalsolutions.com/about-us/news-and-events/press-releases/2023-staffing-industry-analysts-recognizes-ags-leader-on-40-under-40-list.html]
[sc-cms-prod103-cdn-dsb5cvath4adbgd0.z01.azurefd.net/-/media/images/ags/about-us/press-releases/2023-APAC-RPO-EverestPEAKMatrix-webc36c.png]
[www.allegisglobalsolutions.com/en-gb/about-us/news-and-events/press-releases/2023-ags-named-a-leader-on-everest-groups-rpo-peak-matrix-for-the-apac.html]
[sc-cms-prod103-cdn-dsb5cvath4adbgd0.z01.azurefd.net/-/media/images/ags/about-us/press-releases/2023-APAC-RPO-EverestPEAKMatrix-web6e55.png]
[www.allegisglobalsolutions.com/en-au/about-us/news-and-events/press-releases/2023-ags-named-a-leader-on-everest-groups-rpo-peak-matrix-for-the-apac.html]
[www.allegisglobalsolutions.com/about-us/news-and-events/press-releases/2023-ags-named-a-leader-on-everest-groups-rpo-peak-matrix-for-the-apac.html]
[sc-cms-prod103-cdn-dsb5cvath4adbgd0.z01.azurefd.net/-/media/images/ags/about-us/press-releases/2023-NA-RPO-EverestPEAKMatrix-webc36c.png]
[www.allegisglobalsolutions.com/en-gb/about-us/news-and-events/press-releases/2023-ags-earns-rpo-peak-matrix-leader-status-from-everest-group-for-na.html]
[www.allegisglobalsolutions.com/en-au/about-us/news-and-events/press-releases/2023-ags-earns-rpo-peak-matrix-leader-status-from-everest-group-for-na.html]
[www.allegisglobalsolutions.com/about-us/news-and-events/press-releases/2023-ags-earns-rpo-peak-matrix-leader-status-from-everest-group-for-na.html]
[sc-cms-prod103-cdn-dsb5cvath4adbgd0.z01.azurefd.net/-/media/images/ags/about-us/press-releases/2023Promotion_of_Staffing_100_Awards_LinkedInf2e8.jpg]
[www.allegisglobalsolutions.com/en-gb/about-us/news-and-events/press-releases/four-ags-executives-named-to-sias-staffing-100-northamerica-list-2023.html]
[www.allegisglobalsolutions.com/en-au/about-us/news-and-events/press-releases/four-ags-executives-named-to-sias-staffing-100-northamerica-list-2023.html]
[www.allegisglobalsolutions.com/about-us/news-and-events/press-releases/four-ags-executives-named-to-sias-staffing-100-northamerica-list-2023.html]
[www.allegisglobalsolutions.com/en-gb/about-us/news-and-events/press-releases/2023-gm-supplier-of-the-year-and-community-partnership-award.html]
[www.allegisglobalsolutions.com/en-au/about-us/news-and-events/press-releases/2023-gm-supplier-of-the-year-and-community-partnership-award.html]
[www.allegisglobalsolutions.com/about-us/news-and-events/press-releases/2023-gm-supplier-of-the-year-and-community-partnership-award.html]
[sc-cms-prod103-cdn-dsb5cvath4adbgd0.z01.azurefd.net/-/media/images/ags/about-us/press-releases/2023DEIInfluencerthumbnailc36c.jpg]
[www.allegisglobalsolutions.com/en-gb/about-us/news-and-events/press-releases/2023-ags-diversity-equity-and-inclusion-influencer-list.html]
[www.allegisglobalsolutions.com/en-au/about-us/news-and-events/press-releases/2023-ags-diversity-equity-and-inclusion-influencer-list.html]
[www.allegisglobalsolutions.com/about-us/news-and-events/press-releases/2023-ags-diversity-equity-and-inclusion-influencer-list.html]
[sc-cms-prod103-cdn-dsb5cvath4adbgd0.z01.azurefd.net/-/media/images/ags/about-us/press-releases/2022_HRO_TotalWorkforceSolutions_BakersDozen-PRpagec36c.png]
[www.allegisglobalsolutions.com/en-gb/about-us/news-and-events/press-releases/ags-ranked-1-on-hro-todays-2022-total-workforce-solutions-bakers-dozen-list.html]
[www.allegisglobalsolutions.com/en-au/about-us/news-and-events/press-releases/ags-ranked-1-on-hro-todays-2022-total-workforce-solutions-bakers-dozen-list.html]
[www.allegisglobalsolutions.com/about-us/news-and-events/press-releases/ags-ranked-1-on-hro-todays-2022-total-workforce-solutions-bakers-dozen-list.html]
[sc-cms-prod103-cdn-dsb5cvath4adbgd0.z01.azurefd.net/-/media/images/ags/about-us/press-releases/2022_APSCo PR_PR Imagec36c.png]
[www.allegisglobalsolutions.com/en-gb/about-us/news-and-events/press-releases/2022-ags-named-msp-of-the-year-by-apsco-australia.html]
[www.allegisglobalsolutions.com/en-au/about-us/news-and-events/press-releases/2022-ags-named-msp-of-the-year-by-apsco-australia.html]
[www.allegisglobalsolutions.com/about-us/news-and-events/press-releases/2022-ags-earns-rpo-peak-matrix-leader-status.html]
[www.allegisglobalsolutions.com/about-us/news-and-events/press-releases/2022-ags-msp-bakers-dozen.html]
[www.allegisglobalsolutions.com/about-us/news-and-events/press-releases/2020-ags-apsco-apac-award.html]
[www.allegisglobalsolutions.com/en/about-us/news-and-events/press-releases/2022-sia-global-power-150-women-in-staffing-honorees.html]
[sc-cms-prod103-cdn-dsb5cvath4adbgd0.z01.azurefd.net/-/media/images/ags/about-us/press-releases/SIA_ThumbnailWomen in Staffing Honorees 20227c44.png]
[www.allegisglobalsolutions.com/en-gb/about-us/news-and-events/press-releases/2022-sia-global-power-150-women-in-staffing-honorees.html]
[www.allegisglobalsolutions.com/en-au/about-us/news-and-events/press-releases/2022-sia-global-power-150-women-in-staffing-honorees.html]
[www.allegisglobalsolutions.com/en/about-us/news-and-events/press-releases/2022-ags-executive-named-to-sia-staffing-100-europe-list.html]
[sc-cms-prod103-cdn-dsb5cvath4adbgd0.z01.azurefd.net/-/media/images/ags/about-us/press-releases/SIA_Staffing100_PR_Web (1)c36c.jpg]
[www.allegisglobalsolutions.com/en-gb/about-us/news-and-events/press-releases/2022-ags-executive-named-to-sia-staffing-100-europe-list.html]
[www.allegisglobalsolutions.com/en-au/about-us/news-and-events/press-releases/2022-ags-executive-named-to-sia-staffing-100-europe-list.html]
[www.allegisglobalsolutions.com/en/about-us/news-and-events/press-releases/2022-ags-recognized-as-a-managed-service-provider-and-services-procurement-leader-and-star-performer.html]
[sc-cms-prod103-cdn-dsb5cvath4adbgd0.z01.azurefd.net/-/media/images/ags/msp/EverestPeak_BlogImages pngc36c.png]
[www.allegisglobalsolutions.com/indexc6c7.html]
[www.allegisglobalsolutions.com/en-gb/about-us/news-and-events/press-releases/2022-ags-recognized-as-a-managed-service-provider-and-services-procurement-leader-and-star-performer.html]
[www.allegisglobalsolutions.com/indexadfb.html]
[www.allegisglobalsolutions.com/en-au/about-us/news-and-events/press-releases/2022-ags-recognized-as-a-managed-service-provider-and-services-procurement-leader-and-star-performer.html]
[sc-cms-prod103-cdn-dsb5cvath4adbgd0.z01.azurefd.net/-/media/images/ags/msp/AGS_Brightfield_Social_resizec36c.png]
[www.allegisglobalsolutions.com/en-au/about-us/news-and-events/press-releases/2021-brightfield-ags-partnership.html]
[www.allegisglobalsolutions.com/en/about-us/news-and-events/press-releases/2021-brightfield-ags-partnership.html]
[www.allegisglobalsolutions.com/about-us/news-and-events/press-releases/2021-brightfield-ags-partnership.html]
[www.allegisglobalsolutions.com/en-gb/about-us/news-and-events/press-releases/2021-brightfield-ags-partnership.html]
[www.allegisglobalsolutions.com/index4a28.html]
[www.allegisglobalsolutions.com/about-us/news-and-events/press-releases/ags-awarded-raytheon-award.html]
[www.allegisglobalsolutions.com/about-us/news-and-events/press-releases/2022-gm-supplier-of-the-year-awards-21.html]
[www.allegisglobalsolutions.com/about-us/news-and-events/press-releases/ags-us-tiaras-talent-solutions-award-2022.html]
[sc-cms-prod103-cdn-dsb5cvath4adbgd0.z01.azurefd.net/-/media/images/ags/about-us/press-releases/UWM-Press-Release-Small-Image jpgc36c.jpg]
[www.allegisglobalsolutions.com/en-au/about-us/news-and-events/press-releases/ags-launches-universal-workforce-model.html]
[www.allegisglobalsolutions.com/en/about-us/news-and-events/press-releases/ags-launches-universal-workforce-model.html]
[www.allegisglobalsolutions.com/about-us/news-and-events/press-releases/ags-launches-universal-workforce-model.html]
[www.allegisglobalsolutions.com/en/about-us/news-and-events/press-releases/2022-ags-rpo-bakers-dozen-pr.html]
[www.allegisglobalsolutions.com/en-gb/about-us/news-and-events/press-releases/ags-launches-universal-workforce-model.html]
[sc-cms-prod103-cdn-dsb5cvath4adbgd0.z01.azurefd.net/-/media/images/ags/msp/2022_HROBakersDozen-Thumbnailc36c.png]
[www.allegisglobalsolutions.com/en-gb/about-us/news-and-events/press-releases/2022-ags-rpo-bakers-dozen-pr.html]
[www.allegisglobalsolutions.com/en-au/about-us/news-and-events/press-releases/2022-ags-rpo-bakers-dozen-pr.html]
[www.allegisglobalsolutions.com/about-us/news-and-events/press-releases/2021-ags-rpo-bakers-dozen.html]
[www.allegisglobalsolutions.com/about-us/news-and-events/press-releases/2021-ags-everest-group-services-procurement-sow.html]
[www.allegisglobalsolutions.com/about-us/news-and-events/press-releases/2021-ags-cwm-msp-peak-matrix.html]
[www.allegisglobalsolutions.com/about-us/news-and-events/press-releases/2022-ags-sia-staffing-100-list.html]
[www.allegisglobalsolutions.com/en/about-us/news-and-events/press-releases/www.allegisglobalsolutions.html]
[www.allegisglobalsolutions.com/about-us/news-and-events/press-releases/2021-hr-asia-best-companies-to-work-for-china.html]
[www.allegisglobalsolutions.com/about-us/news-and-events/press-releases/2021-ags-sia-global-150.html]
[www.allegisglobalsolutions.com/index5a0a.html]
[www.allegisglobalsolutions.com/about-us/news-and-events/press-releases/2021-ags-gm-supplier-of-the-year.html]
[www.allegisglobalsolutions.com/about-us/news-and-events/press-releases/2021-ags-tiara-awards.html]
[www.allegisglobalsolutions.com/about-us/news-and-events/press-releases/2021-msp-ags-hro-today-bakers-dozen.html]
[www.allegisglobalsolutions.com/about-us/news-and-events/press-releases/2021-pr-ags-earns-rpo-peak-matrix-leader-status.html]
[sc-cms-prod103-cdn-dsb5cvath4adbgd0.z01.azurefd.net/-/media/images/ags/msp/AGS_Web_PR_Globality_Bodyc36c.png]
[www.allegisglobalsolutions.com/en-au/about-us/news-and-events/press-releases/2021-ags-globality-partnership.html]
[www.allegisglobalsolutions.com/en/about-us/news-and-events/press-releases/2021-ags-globality-partnership.html]
[www.allegisglobalsolutions.com/about-us/news-and-events/press-releases/2021-ags-globality-partnership.html]
[www.allegisglobalsolutions.com/en/managed-service-provider5a0a.html]
[www.allegisglobalsolutions.com/index6a36.html]
[www.allegisglobalsolutions.com/en/workforce-solutions/procurement-solutions6a36.html]
[www.allegisglobalsolutions.com/en-gb/about-us/news-and-events/press-releases/2021-ags-globality-partnership.html]
[www.allegisglobalsolutions.com/index28fa.html]
[sc-cms-prod103-cdn-dsb5cvath4adbgd0.z01.azurefd.net/-/media/images/ags/about-us/press-releases/AGS_Web_PR_EverestPeak2020 pngc36c.png]
[www.allegisglobalsolutions.com/en-au/about-us/news-and-events/press-releases/2020-ags-msp-everest-peak.html]
[www.allegisglobalsolutions.com/en/about-us/news-and-events/press-releases/2020-ags-msp-everest-peak.html]
[www.allegisglobalsolutions.com/en-gb/about-us/news-and-events/press-releases/2020-ags-msp-everest-peak.html]
[www.allegisglobalsolutions.com/en/managed-service-provider]
[www.allegisglobalsolutions.com/about-us/news-and-events/press-releases/2020-ags-msp-everest-peak.html]
[www.allegisglobalsolutions.com/en/workforce-solutions/recruitment-process-outsourcing37a2.html]
[www.allegisglobalsolutions.com/about-us/news-and-events/events/2023/5/cws-europe-summit-2023.html]
[www.allegisglobalsolutions.com/en-gb/about-us/locations/europe/birmingham.html]
[www.allegisglobalsolutions.com/en-gb/about-us/locations/europe/bracknell.html]
[www.allegisglobalsolutions.com/en-gb/about-us/locations/europe/budapest.html]
[www.allegisglobalsolutions.com/en-gb/about-us/locations/europe/london.html]
[www.allegisglobalsolutions.com/en-gb/about-us/locations/europe/warsaw.html]
[www.allegisglobalsolutions.com/en-gb/about-us/locations/europe/zurich.html]
[www.allegisglobalsolutions.com/en-au/about-us/locations/asia-pacific/bangalore.html]
[www.allegisglobalsolutions.com/en-au/about-us/locations/asia-pacific/brisbane.html]
[www.allegisglobalsolutions.com/en-au/about-us/locations/asia-pacific/hong-kong.html]
[www.allegisglobalsolutions.com/en-au/about-us/locations/asia-pacific/manila.html]
[www.allegisglobalsolutions.com/en-au/about-us/locations/asia-pacific/melbourne.html]
[www.allegisglobalsolutions.com/en-au/about-us/locations/asia-pacific/pune.html]
[www.allegisglobalsolutions.com/en-au/about-us/locations/asia-pacific/shanghai.html]
[www.allegisglobalsolutions.com/en-au/about-us/locations/asia-pacific/singapore.html]
[www.allegisglobalsolutions.com/en-au/about-us/locations/asia-pacific/sydney.html]
[www.allegisglobalsolutions.com/en-au/about-us/locations/asia-pacific/tokyo.html]
[www.allegisglobalsolutions.com/en-au/about-us/locations/asia-pacific/wellington.html]
[www.allegisglobalsolutions.com/en-gb/about-us/locations/north-america/hanover.html]
[www.allegisglobalsolutions.com/en-au/about-us/locations/north-america/hanover.html]
[www.allegisglobalsolutions.com/about-us/locations/north-america/hanover.html]
[www.allegisglobalsolutions.com/en-gb/about-us/locations/north-america/jacksonville.html]
[www.allegisglobalsolutions.com/en-au/about-us/locations/north-america/jacksonville.html]
[www.allegisglobalsolutions.com/about-us/locations/north-america/jacksonville.html]
[www.allegisglobalsolutions.com/en-gb/about-us/locations/north-america/kirkland.html]
[www.allegisglobalsolutions.com/en-au/about-us/locations/north-america/kirkland.html]
[www.allegisglobalsolutions.com/about-us/locations/north-america/kirkland.html]
[www.allegisglobalsolutions.com/en-gb/about-us/locations/north-america/mississauga.html]
[www.allegisglobalsolutions.com/en-au/about-us/locations/north-america/mississauga.html]
[www.allegisglobalsolutions.com/about-us/locations/north-america/mississauga.html]
[www.allegisglobalsolutions.com/en-gb/about-us/locations/north-america/phoenix.html]
[www.allegisglobalsolutions.com/en-au/about-us/locations/north-america/phoenix.html]
[www.allegisglobalsolutions.com/about-us/locations/north-america/phoenix.html]
[www.allegisglobalsolutions.com/en-gb/about-us/locations/north-america/troy.html]
[www.allegisglobalsolutions.com/en-au/about-us/locations/north-america/troy.html]
[www.allegisglobalsolutions.com/about-us/locations/north-america/troy.html]
[www.allegisglobalsolutions.com/en-gb/about-us/locations/asia-pacific/bangalore.html]
[www.allegisglobalsolutions.com/en-gb/about-us/locations/asia-pacific/brisbane.html]
[www.allegisglobalsolutions.com/en-gb/about-us/locations/asia-pacific/hong-kong.html]
[www.allegisglobalsolutions.com/en-gb/about-us/locations/asia-pacific/manila.html]
[www.allegisglobalsolutions.com/en-gb/about-us/locations/asia-pacific/melbourne.html]
[www.allegisglobalsolutions.com/en-gb/about-us/locations/asia-pacific/pune.html]
[www.allegisglobalsolutions.com/en-gb/about-us/locations/asia-pacific/shanghai.html]
[www.allegisglobalsolutions.com/en-gb/about-us/locations/asia-pacific/singapore.html]
[www.allegisglobalsolutions.com/en-gb/about-us/locations/asia-pacific/sydney.html]
[www.allegisglobalsolutions.com/en-gb/about-us/locations/asia-pacific/tokyo.html]
[www.allegisglobalsolutions.com/en-gb/about-us/locations/asia-pacific/wellington.html]
[www.allegisglobalsolutions.com/en-au/about-us/locations/europe/birmingham.html]
[www.allegisglobalsolutions.com/en-au/about-us/locations/europe/bracknell.html]
[www.allegisglobalsolutions.com/en-au/about-us/locations/europe/budapest.html]
[www.allegisglobalsolutions.com/en-au/about-us/locations/europe/london.html]
[www.allegisglobalsolutions.com/en-au/about-us/locations/europe/warsaw.html]
[www.allegisglobalsolutions.com/en-au/about-us/locations/europe/zurich.html]
[www.allegisglobalsolutions.com/about-us/locations/europe/birmingham.html]
[www.allegisglobalsolutions.com/about-us/locations/europe/bracknell.html]
[www.allegisglobalsolutions.com/about-us/locations/europe/budapest.html]
[www.allegisglobalsolutions.com/about-us/locations/europe/london.html]
[www.allegisglobalsolutions.com/about-us/locations/europe/warsaw.html]
[www.allegisglobalsolutions.com/about-us/locations/europe/zurich.html]
[www.allegisglobalsolutions.com/about-us/locations/asia-pacific/bangalore.html]
[www.allegisglobalsolutions.com/about-us/locations/asia-pacific/brisbane.html]
[www.allegisglobalsolutions.com/about-us/locations/asia-pacific/hong-kong.html]
[www.allegisglobalsolutions.com/about-us/locations/asia-pacific/manila.html]
[www.allegisglobalsolutions.com/about-us/locations/asia-pacific/melbourne.html]
[www.allegisglobalsolutions.com/about-us/locations/asia-pacific/pune.html]
[www.allegisglobalsolutions.com/about-us/locations/asia-pacific/shanghai.html]
[www.allegisglobalsolutions.com/about-us/locations/asia-pacific/singapore.html]
[www.allegisglobalsolutions.com/about-us/locations/asia-pacific/sydney.html]
[www.allegisglobalsolutions.com/about-us/locations/asia-pacific/tokyo.html]
[www.allegisglobalsolutions.com/about-us/locations/asia-pacific/wellington.html]
[www.allegisglobalsolutions.com/en-gb/about-us/news-and-events/press-releases/www.allegisglobalsolutions.html]
[www.allegisglobalsolutions.com/en-au/about-us/news-and-events/press-releases/www.allegisglobalsolutions.html]
[www.allegisglobalsolutions.com/indexc6c7.html]
[www.allegisglobalsolutions.com/indexadfb.html]
[www.allegisglobalsolutions.com/en-au/about-us/news-and-events/press-releases/2021-brightfield-ags-partnership.html]
[sc-cms-prod103-cdn-dsb5cvath4adbgd0.z01.azurefd.net/-/media/images/ags/msp/AGS_Brightfield_Social_resize3b12.png]
[www.allegisglobalsolutions.com/en/about-us/news-and-events/press-releases/2021-brightfield-ags-partnership.html]
[www.allegisglobalsolutions.com/en-gb/about-us/news-and-events/press-releases/2021-brightfield-ags-partnership.html]
[www.allegisglobalsolutions.com/index4a28.html]
[www.allegisglobalsolutions.com/about-us/news-and-events/press-releases/www.allegisglobalsolutions.html]
[www.allegisglobalsolutions.com/en-au/about-us/news-and-events/press-releases/ags-launches-universal-workforce-model.html]
[sc-cms-prod103-cdn-dsb5cvath4adbgd0.z01.azurefd.net/-/media/images/ags/about-us/press-releases/UWM-Press-Release-Small-Image jpgff87.jpg]
[www.allegisglobalsolutions.com/en/about-us/news-and-events/press-releases/ags-launches-universal-workforce-model.html]
[www.allegisglobalsolutions.com/en-gb/about-us/news-and-events/press-releases/ags-launches-universal-workforce-model.html]
[www.allegisglobalsolutions.com/en-au/about-us/news-and-events/press-releases/2021-ags-globality-partnership.html]
[sc-cms-prod103-cdn-dsb5cvath4adbgd0.z01.azurefd.net/-/media/images/ags/msp/AGS_Web_PR_Globality_Body398d.png]
[www.allegisglobalsolutions.com/en/about-us/news-and-events/press-releases/2021-ags-globality-partnership.html]
[www.allegisglobalsolutions.com/en-gb/about-us/news-and-events/press-releases/2021-ags-globality-partnership.html]
[www.allegisglobalsolutions.com/index28fa.html]
[www.allegisglobalsolutions.com/en-au/about-us/news-and-events/press-releases/2020-ags-msp-everest-peak.html]
[sc-cms-prod103-cdn-dsb5cvath4adbgd0.z01.azurefd.net/-/media/images/ags/about-us/press-releases/AGS_Web_PR_EverestPeak2020 png6a1c.png]
[www.allegisglobalsolutions.com/en/about-us/news-and-events/press-releases/2020-ags-msp-everest-peak.html]
[www.allegisglobalsolutions.com/en-gb/about-us/news-and-events/press-releases/2020-ags-msp-everest-peak.html]
[www.allegisglobalsolutions.com/en/managed-service-provider.html]
